Archive member included to satisfy reference by file (symbol)

C:/devkitPro/libnds/lib\libdswifi9.a(sgIP_Hub.o)
                              http.o (htons)
C:/devkitPro/libnds/lib\libdswifi9.a(sgIP_memblock.o)
                              C:/devkitPro/libnds/lib\libdswifi9.a(sgIP_Hub.o) (sgIP_memblock_free)
C:/devkitPro/libnds/lib\libdswifi9.a(sgIP_sockets.o)
                              http.o (socket)
C:/devkitPro/libnds/lib\libdswifi9.a(wifi_arm9.o)
                              C:/devkitPro/libnds/lib\libdswifi9.a(sgIP_sockets.o) (sgIP_IntrWaitEvent)
C:/devkitPro/libnds/lib\libdswifi9.a(sgIP_ARP.o)
                              C:/devkitPro/libnds/lib\libdswifi9.a(wifi_arm9.o) (sgIP_ARP_FlushInterface)
C:/devkitPro/libnds/lib\libdswifi9.a(sgIP.o)
                              C:/devkitPro/libnds/lib\libdswifi9.a(wifi_arm9.o) (sgIP_Init)
C:/devkitPro/libnds/lib\libdswifi9.a(sgIP_UDP.o)
                              C:/devkitPro/libnds/lib\libdswifi9.a(sgIP.o) (sgIP_UDP_Init)
C:/devkitPro/libnds/lib\libdswifi9.a(sgIP_DHCP.o)
                              C:/devkitPro/libnds/lib\libdswifi9.a(sgIP.o) (sgIP_DHCP_Init)
C:/devkitPro/libnds/lib\libdswifi9.a(spinlock.o)
                              C:/devkitPro/libnds/lib\libdswifi9.a(wifi_arm9.o) (SLasm_Acquire)
C:/devkitPro/libnds/lib\libdswifi9.a(sgIP_DNS.o)
                              C:/devkitPro/libnds/lib\libdswifi9.a(sgIP.o) (sgIP_DNS_Init)
C:/devkitPro/libnds/lib\libdswifi9.a(sgIP_TCP.o)
                              C:/devkitPro/libnds/lib\libdswifi9.a(sgIP.o) (sgIP_TCP_Init)
C:/devkitPro/libnds/lib\libdswifi9.a(sgIP_IP.o)
                              C:/devkitPro/libnds/lib\libdswifi9.a(sgIP.o) (sgIP_IP_ReceivePacket)
C:/devkitPro/libnds/lib\libdswifi9.a(sgIP_ICMP.o)
                              C:/devkitPro/libnds/lib\libdswifi9.a(sgIP_IP.o) (sgIP_ICMP_ReceivePacket)
C:/devkitPro/libnds/lib\libnds9.a(console.o)
                              http.o (consoleDemoInit)
C:/devkitPro/libnds/lib\libnds9.a(keys.o)
                              http.o (keysDown)
C:/devkitPro/libnds/lib\libnds9.a(initSystem.o)
                              c:/devkitpro/devkitarm/bin/../lib/gcc/arm-none-eabi/11.1.0/../../../../arm-none-eabi/lib/thumb/ds_arm9_crt0.o (initSystem)
C:/devkitPro/libnds/lib\libnds9.a(timeSupport.o)
                              C:/devkitPro/libnds/lib\libnds9.a(initSystem.o) (__libnds_gtod)
C:/devkitPro/libnds/lib\libnds9.a(securearea.o)
                              c:/devkitpro/devkitarm/bin/../lib/gcc/arm-none-eabi/11.1.0/../../../../arm-none-eabi/lib/thumb/ds_arm9_crt0.o (__secure_area__)
C:/devkitPro/libnds/lib\libnds9.a(interrupts.o)
                              C:/devkitPro/libnds/lib\libdswifi9.a(wifi_arm9.o) (irqSet)
C:/devkitPro/libnds/lib\libnds9.a(libnds_exit.arm.o)
                              c:/devkitpro/devkitarm/bin/../lib/gcc/arm-none-eabi/11.1.0/../../../../arm-none-eabi/lib/thumb/ds_arm9_crt0.o (__libnds_exit)
C:/devkitPro/libnds/lib\libnds9.a(fifosystem.o)
                              C:/devkitPro/libnds/lib\libdswifi9.a(wifi_arm9.o) (fifoSetValue32Handler)
C:/devkitPro/libnds/lib\libnds9.a(dcache.o)
                              C:/devkitPro/libnds/lib\libdswifi9.a(wifi_arm9.o) (DC_FlushAll)
C:/devkitPro/libnds/lib\libnds9.a(mpu_setup.o)
                              c:/devkitpro/devkitarm/bin/../lib/gcc/arm-none-eabi/11.1.0/../../../../arm-none-eabi/lib/thumb/ds_arm9_crt0.o (__libnds_mpu_setup)
C:/devkitPro/libnds/lib\libnds9.a(IntrWait.o)
                              http.o (swiWaitForVBlank)
C:/devkitPro/libnds/lib\libnds9.a(cpu_clock.o)
                              C:/devkitPro/libnds/lib\libnds9.a(initSystem.o) (setCpuClock)
C:/devkitPro/libnds/lib\libnds9.a(interruptDispatcher.o)
                              C:/devkitPro/libnds/lib\libnds9.a(interrupts.o) (IntrMain)
C:/devkitPro/libnds/lib\libnds9.a(debugprint.o)
                              C:/devkitPro/libnds/lib\libnds9.a(console.o) (nocashWrite)
C:/devkitPro/libnds/lib\libnds9.a(swiSoftReset.o)
                              C:/devkitPro/libnds/lib\libnds9.a(fifosystem.o) (swiSoftReset)
C:/devkitPro/libnds/lib\libnds9.a(default_font.bin.o)
                              C:/devkitPro/libnds/lib\libnds9.a(console.o) (default_font_bin)
C:/devkitPro/libnds/lib\libnds9.a(background.o)
                              C:/devkitPro/libnds/lib\libnds9.a(console.o) (bgState)
C:/devkitPro/libnds/lib\libnds9.a(video.o)
                              C:/devkitPro/libnds/lib\libnds9.a(initSystem.o) (vramDefault)
C:/devkitPro/libnds/lib\libnds9.a(system.o)
                              C:/devkitPro/libnds/lib\libnds9.a(initSystem.o) (systemValueHandler)
C:/devkitPro/libnds/lib\libnds9.a(trig.o)
                              C:/devkitPro/libnds/lib\libnds9.a(background.o) (sinLerp)
C:/devkitPro/libnds/lib\libnds9.a(biosCalls.o)
[...]
Memory Configuration

Name             Origin             Length             Attributes
ewram            0x0000000002000000 0x0000000000380000
dtcm             0x0000000002ff0000 0x0000000000004000
vectors          0x0000000001000000 0x0000000000000100
itcm             0x0000000001000100 0x0000000000007f00
*default*        0x0000000000000000 0xffffffffffffffff

Linker script and memory map

                0x0000000002380000                __ewram_end = (ORIGIN (ewram) + LENGTH (ewram))
                0x0000000002380000                __eheap_end = (ORIGIN (ewram) + LENGTH (ewram))
                0x0000000002ff4000                __dtcm_top = (ORIGIN (dtcm) + LENGTH (dtcm))
                0x0000000002ff3ff8                __irq_flags = (__dtcm_top - 0x8)
                0x0000000002ff3ffc                __irq_vector = (__dtcm_top - 0x4)
                0x0000000002ff3f00                __sp_svc = (__dtcm_top - 0x100)
                0x0000000002ff3e00                __sp_irq = (__sp_svc - 0x100)
                0x0000000002ff3d00                __sp_usr = (__sp_irq - 0x100)

.secure         0x0000000002000000      0x800
 *(.secure)
 .secure        0x0000000002000000      0x800 C:/devkitPro/libnds/lib\libnds9.a(securearea.o)
                0x0000000002000000                __secure_area__

.crt0           0x0000000002000800      0x300
                0x0000000002000800                __text_start = .
 *(.crt0)
 .crt0          0x0000000002000800      0x300 c:/devkitpro/devkitarm/bin/../lib/gcc/arm-none-eabi/11.1.0/../../../../arm-none-eabi/lib/thumb/ds_arm9_crt0.o
                0x0000000002000800                _start
                0x0000000002000b00                . = ALIGN (0x4)

.plt
 *(.plt)

.init           0x0000000002000b00        0xc
 *(SORT_NONE(.init))
 .init          0x0000000002000b00        0x4 c:/devkitpro/devkitarm/bin/../lib/gcc/arm-none-eabi/11.1.0/thumb/crti.o
                0x0000000002000b00                _init
 .init          0x0000000002000b04        0x8 c:/devkitpro/devkitarm/bin/../lib/gcc/arm-none-eabi/11.1.0/thumb/crtn.o

.text           0x0000000002000b10     0xd0b0
 *(EXCLUDE_FILE(*.twl* *.vectors* *.itcm*) .text)
 .text          0x0000000002000b10      0x180 http.o
                0x0000000002000b10                sendstr
                0x0000000002000b30                getHttp
 .text          0x0000000002000c90       0x5c C:/devkitPro/libnds/lib\libdswifi9.a(spinlock.o)
                0x0000000002000c90                SLasm_Acquire
                0x0000000002000cc4                SLasm_Release
 .text          0x0000000002000cec       0x14 c:/devkitpro/devkitarm/bin/../lib/gcc/arm-none-eabi/11.1.0/thumb\libgcc.a(_thumb1_case_uqi.o)
                0x0000000002000cec                __gnu_thumb1_case_uqi
 .text          0x0000000002000d00       0x14 c:/devkitpro/devkitarm/bin/../lib/gcc/arm-none-eabi/11.1.0/thumb\libgcc.a(_thumb1_case_uhi.o)
                0x0000000002000d00                __gnu_thumb1_case_uhi
 .text          0x0000000002000d14      0x11c c:/devkitpro/devkitarm/bin/../lib/gcc/arm-none-eabi/11.1.0/thumb\libgcc.a(_udivsi3.o)
                0x0000000002000d14                __aeabi_uidiv
                0x0000000002000d14                __udivsi3
                0x0000000002000e10                __aeabi_uidivmod
 .text          0x0000000002000e30      0x150 c:/devkitpro/devkitarm/bin/../lib/gcc/arm-none-eabi/11.1.0/thumb\libgcc.a(_divsi3.o)
                0x0000000002000e30                __divsi3
                0x0000000002000e30                __aeabi_idiv
                0x0000000002000f60                __aeabi_idivmod
 .text          0x0000000002000f80        0x4 c:/devkitpro/devkitarm/bin/../lib/gcc/arm-none-eabi/11.1.0/thumb\libgcc.a(_dvmd_tls.o)
                0x0000000002000f80                __aeabi_idiv0
                0x0000000002000f80                __aeabi_ldiv0
 .text          0x0000000002000f84      0x224 c:/devkitpro/devkitarm/bin/../lib/gcc/arm-none-eabi/11.1.0/../../../../arm-none-eabi/lib/thumb\libg.a(lib_a-strcmp.o)
                0x0000000002000f84                strcmp
 .text          0x00000000020011a8       0x3c c:/devkitpro/devkitarm/bin/../lib/gcc/arm-none-eabi/11.1.0/thumb\libgcc.a(_aeabi_uldivmod.o)
                0x00000000020011a8                __aeabi_uldivmod
 .text          0x00000000020011e4       0x28 c:/devkitpro/devkitarm/bin/../lib/gcc/arm-none-eabi/11.1.0/thumb\libgcc.a(_clzdi2.o)
                0x00000000020011e4                __clzdi2
 .text          0x000000000200120c       0x48 c:/devkitpro/devkitarm/bin/../lib/gcc/arm-none-eabi/11.1.0/thumb\libgcc.a(_clzsi2.o)
                0x000000000200120c                __clzsi2
 *(EXCLUDE_FILE(*.twl* *.vectors* *.itcm*) .stub)
 *(EXCLUDE_FILE(*.twl* *.vectors* *.itcm*) .text.*)
 .text.__do_global_dtors_aux
                0x0000000002001254       0x2c c:/devkitpro/devkitarm/bin/../lib/gcc/arm-none-eabi/11.1.0/thumb/crtbegin.o
 .text.frame_dummy
                0x0000000002001280       0x24 c:/devkitpro/devkitarm/bin/../lib/gcc/arm-none-eabi/11.1.0/thumb/crtbegin.o
 .text.startup  0x00000000020012a4       0x60 http.o
                0x00000000020012a4                main
 .text.sgIP_Hub_Init
                0x0000000002001304       0x14 C:/devkitPro/libnds/lib\libdswifi9.a(sgIP_Hub.o)
                0x0000000002001304                sgIP_Hub_Init
 .text.sgIP_Hub_AddProtocolInterface
                0x0000000002001318       0x3c C:/devkitPro/libnds/lib\libdswifi9.a(sgIP_Hub.o)
                0x0000000002001318                sgIP_Hub_AddProtocolInterface
 .text.sgIP_Hub_AddHardwareInterface
                0x0000000002001354       0x3c C:/devkitPro/libnds/lib\libdswifi9.a(sgIP_Hub.o)
                0x0000000002001354                sgIP_Hub_AddHardwareInterface
 .text.sgIP_Hub_ReceiveHardwarePacket
                0x0000000002001390       0x5c C:/devkitPro/libnds/lib\libdswifi9.a(sgIP_Hub.o)
                0x0000000002001390                sgIP_Hub_ReceiveHardwarePacket
 .text.sgIP_Hub_SendProtocolPacket
                0x00000000020013ec       0x40 C:/devkitPro/libnds/lib\libdswifi9.a(sgIP_Hub.o)
                0x00000000020013ec                sgIP_Hub_SendProtocolPacket
 .text.sgIP_Hub_SendRawPacket
                0x000000000200142c       0x24 C:/devkitPro/libnds/lib\libdswifi9.a(sgIP_Hub.o)
                0x000000000200142c                sgIP_Hub_SendRawPacket
 .text.sgIP_Hub_IPMaxMessageSize
                0x0000000002001450        0x8 C:/devkitPro/libnds/lib\libdswifi9.a(sgIP_Hub.o)
                0x0000000002001450                sgIP_Hub_IPMaxMessageSize
 .text.sgIP_Hub_GetCompatibleIP
                0x0000000002001458       0x14 C:/devkitPro/libnds/lib\libdswifi9.a(sgIP_Hub.o)
                0x0000000002001458                sgIP_Hub_GetCompatibleIP
 .text.sgIP_Hub_GetDefaultInterface
                0x000000000200146c       0x14 C:/devkitPro/libnds/lib\libdswifi9.a(sgIP_Hub.o)
                0x000000000200146c                sgIP_Hub_GetDefaultInterface
 .text.htons    0x0000000002001480        0xc C:/devkitPro/libnds/lib\libdswifi9.a(sgIP_Hub.o)
                0x0000000002001480                htons
 .text.htonl    0x000000000200148c       0x1c C:/devkitPro/libnds/lib\libdswifi9.a(sgIP_Hub.o)
                0x000000000200148c                htonl
 .text.sgIP_memblock_Init
                0x00000000020014a8        0x2 C:/devkitPro/libnds/lib\libdswifi9.a(sgIP_memblock.o)
                0x00000000020014a8                sgIP_memblock_Init
 .text.sgIP_memblock_allocHW
                0x00000000020014aa       0x24 C:/devkitPro/libnds/lib\libdswifi9.a(sgIP_memblock.o)
                0x00000000020014aa                sgIP_memblock_allocHW
 .text.sgIP_memblock_alloc
                0x00000000020014ce        0xc C:/devkitPro/libnds/lib\libdswifi9.a(sgIP_memblock.o)
                0x00000000020014ce                sgIP_memblock_alloc
 *fill*         0x00000000020014da        0x2 ff
 .text.sgIP_memblock_free
                0x00000000020014dc       0x28 C:/devkitPro/libnds/lib\libdswifi9.a(sgIP_memblock.o)
                0x00000000020014dc                sgIP_memblock_free
 .text.sgIP_memblock_exposeheader
                0x0000000002001504       0x26 C:/devkitPro/libnds/lib\libdswifi9.a(sgIP_memblock.o)
                0x0000000002001504                sgIP_memblock_exposeheader
 .text.sgIP_memblock_trimsize
                0x000000000200152a       0x2e C:/devkitPro/libnds/lib\libdswifi9.a(sgIP_memblock.o)
                0x000000000200152a                sgIP_memblock_trimsize
 .text.sgIP_memblock_IPChecksum
                0x0000000002001558       0x92 C:/devkitPro/libnds/lib\libdswifi9.a(sgIP_memblock.o)
                0x0000000002001558                sgIP_memblock_IPChecksum
 .text.sgIP_memblock_CopyToLinear
                0x00000000020015ea       0x5c C:/devkitPro/libnds/lib\libdswifi9.a(sgIP_memblock.o)
                0x00000000020015ea                sgIP_memblock_CopyToLinear
 .text.sgIP_memblock_CopyFromLinear
                0x0000000002001646       0x5c C:/devkitPro/libnds/lib\libdswifi9.a(sgIP_memblock.o)
                0x0000000002001646                sgIP_memblock_CopyFromLinear
 *fill*         0x00000000020016a2        0x2 ff
 .text.sgIP_sockets_Init
                0x00000000020016a4       0x18 C:/devkitPro/libnds/lib\libdswifi9.a(sgIP_sockets.o)
                0x00000000020016a4                sgIP_sockets_Init
 .text.socket   0x00000000020016bc       0x90 C:/devkitPro/libnds/lib\libdswifi9.a(sgIP_sockets.o)
                0x00000000020016bc                socket
 .text.forceclosesocket
                0x000000000200174c       0x5c C:/devkitPro/libnds/lib\libdswifi9.a(sgIP_sockets.o)
                0x000000000200174c                forceclosesocket
 .text.sgIP_sockets_Timer1000ms
                0x00000000020017a8       0x50 C:/devkitPro/libnds/lib\libdswifi9.a(sgIP_sockets.o)
                0x00000000020017a8                sgIP_sockets_Timer1000ms
 .text.bind     0x00000000020017f8       0x68 C:/devkitPro/libnds/lib\libdswifi9.a(sgIP_sockets.o)
                0x00000000020017f8                bind
 .text.connect  0x0000000002001860       0xb4 C:/devkitPro/libnds/lib\libdswifi9.a(sgIP_sockets.o)
                0x0000000002001860                connect
 .text.send     0x0000000002001914       0x94 C:/devkitPro/libnds/lib\libdswifi9.a(sgIP_sockets.o)
                0x0000000002001914                send
 .text.recv     0x00000000020019a8       0x94 C:/devkitPro/libnds/lib\libdswifi9.a(sgIP_sockets.o)
                0x00000000020019a8                recv
 .text.sendto   0x0000000002001a3c       0x74 C:/devkitPro/libnds/lib\libdswifi9.a(sgIP_sockets.o)
                0x0000000002001a3c                sendto
 .text.recvfrom
                0x0000000002001ab0       0xac C:/devkitPro/libnds/lib\libdswifi9.a(sgIP_sockets.o)
                0x0000000002001ab0                recvfrom
 .text.shutdown
                0x0000000002001b5c       0x5c C:/devkitPro/libnds/lib\libdswifi9.a(sgIP_sockets.o)
                0x0000000002001b5c                shutdown
 .text.closesocket
                0x0000000002001bb8       0x94 C:/devkitPro/libnds/lib\libdswifi9.a(sgIP_sockets.o)
                0x0000000002001bb8                closesocket
 .text.ioctl    0x0000000002001c4c       0xac C:/devkitPro/libnds/lib\libdswifi9.a(sgIP_sockets.o)
                0x0000000002001c4c                ioctl
 .text.gethostbyname
                0x0000000002001cf8        0x8 C:/devkitPro/libnds/lib\libdswifi9.a(sgIP_sockets.o)
                0x0000000002001cf8                gethostbyname
 .text.Wifi_Interface_Init
                0x0000000002001d00       0x4c C:/devkitPro/libnds/lib\libdswifi9.a(wifi_arm9.o)
                0x0000000002001d00                Wifi_Interface_Init
 .text.arm9_synctoarm7
                0x0000000002001d4c        0xc C:/devkitPro/libnds/lib\libdswifi9.a(wifi_arm9.o)
                0x0000000002001d4c                arm9_synctoarm7
 .text.sgIP_IntrWaitEvent
                0x0000000002001d58        0x2 C:/devkitPro/libnds/lib\libdswifi9.a(wifi_arm9.o)
                0x0000000002001d58                sgIP_IntrWaitEvent
 *fill*         0x0000000002001d5a        0x2 ff
 .text.wHeapAllocInit
                0x0000000002001d5c       0x2c C:/devkitPro/libnds/lib\libdswifi9.a(wifi_arm9.o)
                0x0000000002001d5c                wHeapAllocInit
 .text.wHeapAlloc
                0x0000000002001d88       0xac C:/devkitPro/libnds/lib\libdswifi9.a(wifi_arm9.o)
                0x0000000002001d88                wHeapAlloc
 .text.wHeapFree
                0x0000000002001e34       0x1c C:/devkitPro/libnds/lib\libdswifi9.a(wifi_arm9.o)
                0x0000000002001e34                wHeapFree
 .text.sgIP_malloc
                0x0000000002001e50        0x8 C:/devkitPro/libnds/lib\libdswifi9.a(wifi_arm9.o)
                0x0000000002001e50                sgIP_malloc
 .text.sgIP_free
                0x0000000002001e58        0x8 C:/devkitPro/libnds/lib\libdswifi9.a(wifi_arm9.o)
                0x0000000002001e58                sgIP_free
 .text.erasemem
                0x0000000002001e60       0x10 C:/devkitPro/libnds/lib\libdswifi9.a(wifi_arm9.o)
                0x0000000002001e60                erasemem
 .text.Wifi_CmpMacAddr
                0x0000000002001e70       0x22 C:/devkitPro/libnds/lib\libdswifi9.a(wifi_arm9.o)
                0x0000000002001e70                Wifi_CmpMacAddr
 *fill*         0x0000000002001e92        0x2 ff
 .text.Wifi_TxBufferWordsAvailable
                0x0000000002001e94       0x28 C:/devkitPro/libnds/lib\libdswifi9.a(wifi_arm9.o)
                0x0000000002001e94                Wifi_TxBufferWordsAvailable
 .text.Wifi_TxBufferWrite
                0x0000000002001ebc       0x4c C:/devkitPro/libnds/lib\libdswifi9.a(wifi_arm9.o)
                0x0000000002001ebc                Wifi_TxBufferWrite
 .text.Wifi_TransmitFunction
                0x0000000002001f08      0x200 C:/devkitPro/libnds/lib\libdswifi9.a(wifi_arm9.o)
                0x0000000002001f08                Wifi_TransmitFunction
 .text.Wifi_RxRawReadPacket
                0x0000000002002108       0x68 C:/devkitPro/libnds/lib\libdswifi9.a(wifi_arm9.o)
                0x0000000002002108                Wifi_RxRawReadPacket
 .text.Wifi_RxReadOffset
                0x0000000002002170       0x2c C:/devkitPro/libnds/lib\libdswifi9.a(wifi_arm9.o)
                0x0000000002002170                Wifi_RxReadOffset
 .text.Wifi_GetNumAP
                0x000000000200219c       0x28 C:/devkitPro/libnds/lib\libdswifi9.a(wifi_arm9.o)
                0x000000000200219c                Wifi_GetNumAP
 .text.Wifi_GetAPData
                0x00000000020021c4       0x88 C:/devkitPro/libnds/lib\libdswifi9.a(wifi_arm9.o)
                0x00000000020021c4                Wifi_GetAPData
 .text.Wifi_FindMatchingAP
                0x000000000200224c       0xc6 C:/devkitPro/libnds/lib\libdswifi9.a(wifi_arm9.o)
                0x000000000200224c                Wifi_FindMatchingAP
 *fill*         0x0000000002002312        0x2 ff
 .text.Wifi_AutoConnect
                0x0000000002002314       0x2c C:/devkitPro/libnds/lib\libdswifi9.a(wifi_arm9.o)
                0x0000000002002314                Wifi_AutoConnect
 .text.Wifi_DisconnectAP
                0x0000000002002340       0x2c C:/devkitPro/libnds/lib\libdswifi9.a(wifi_arm9.o)
                0x0000000002002340                Wifi_DisconnectAP
 .text.Wifi_Init
                0x000000000200236c       0x7c C:/devkitPro/libnds/lib\libdswifi9.a(wifi_arm9.o)
                0x000000000200236c                Wifi_Init
 .text.Wifi_CheckInit
                0x00000000020023e8       0x20 C:/devkitPro/libnds/lib\libdswifi9.a(wifi_arm9.o)
                0x00000000020023e8                Wifi_CheckInit
 .text.Wifi_Update
                0x0000000002002408      0x238 C:/devkitPro/libnds/lib\libdswifi9.a(wifi_arm9.o)
                0x0000000002002408                Wifi_Update
 .text.Wifi_Timer
                0x0000000002002640       0x10 C:/devkitPro/libnds/lib\libdswifi9.a(wifi_arm9.o)
                0x0000000002002640                Wifi_Timer
 .text.Timer_50ms
                0x0000000002002650        0xa C:/devkitPro/libnds/lib\libdswifi9.a(wifi_arm9.o)
                0x0000000002002650                Timer_50ms
 *fill*         0x000000000200265a        0x2 ff
 .text.Wifi_SetIP
                0x000000000200265c       0x24 C:/devkitPro/libnds/lib\libdswifi9.a(wifi_arm9.o)
                0x000000000200265c                Wifi_SetIP
 .text.Wifi_AssocStatus
                0x0000000002002680      0x30c C:/devkitPro/libnds/lib\libdswifi9.a(wifi_arm9.o)
                0x0000000002002680                Wifi_AssocStatus
 .text.Wifi_Sync
                0x000000000200298c       0x1c C:/devkitPro/libnds/lib\libdswifi9.a(wifi_arm9.o)
                0x000000000200298c                Wifi_Sync
 .text.wifiValue32Handler
                0x00000000020029a8        0xc C:/devkitPro/libnds/lib\libdswifi9.a(wifi_arm9.o)
                0x00000000020029a8                wifiValue32Handler
 .text.Wifi_InitDefault
                0x00000000020029b4       0x8c C:/devkitPro/libnds/lib\libdswifi9.a(wifi_arm9.o)
                0x00000000020029b4                Wifi_InitDefault
 .text.sgIP_FindArpSlot
                0x0000000002002a40       0x2c C:/devkitPro/libnds/lib\libdswifi9.a(sgIP_ARP.o)
                0x0000000002002a40                sgIP_FindArpSlot
 .text.sgIP_GetArpSlot
                0x0000000002002a6c       0x48 C:/devkitPro/libnds/lib\libdswifi9.a(sgIP_ARP.o)
                0x0000000002002a6c                sgIP_GetArpSlot
 .text.sgIP_ARP_Init
                0x0000000002002ab4       0x1c C:/devkitPro/libnds/lib\libdswifi9.a(sgIP_ARP.o)
                0x0000000002002ab4                sgIP_ARP_Init
 .text.sgIP_ARP_FlushInterface
                0x0000000002002ad0       0x24 C:/devkitPro/libnds/lib\libdswifi9.a(sgIP_ARP.o)
                0x0000000002002ad0                sgIP_ARP_FlushInterface
 .text.sgIP_ARP_SendARPResponse
                0x0000000002002af4       0xd4 C:/devkitPro/libnds/lib\libdswifi9.a(sgIP_ARP.o)
                0x0000000002002af4                sgIP_ARP_SendARPResponse
 .text.sgIP_ARP_SendGratARP
                0x0000000002002bc8       0xd4 C:/devkitPro/libnds/lib\libdswifi9.a(sgIP_ARP.o)
                0x0000000002002bc8                sgIP_ARP_SendGratARP
 .text.sgIP_ARP_SendARPRequest
                0x0000000002002c9c       0xc0 C:/devkitPro/libnds/lib\libdswifi9.a(sgIP_ARP.o)
                0x0000000002002c9c                sgIP_ARP_SendARPRequest
 .text.sgIP_ARP_Timer100ms
                0x0000000002002d5c       0x58 C:/devkitPro/libnds/lib\libdswifi9.a(sgIP_ARP.o)
                0x0000000002002d5c                sgIP_ARP_Timer100ms
 .text.sgIP_ARP_SendProtocolFrame
                0x0000000002002db4       0xe8 C:/devkitPro/libnds/lib\libdswifi9.a(sgIP_ARP.o)
                0x0000000002002db4                sgIP_ARP_SendProtocolFrame
 .text.sgIP_ARP_ProcessARPFrame
                0x0000000002002e9c       0xdc C:/devkitPro/libnds/lib\libdswifi9.a(sgIP_ARP.o)
                0x0000000002002e9c                sgIP_ARP_ProcessARPFrame
 .text.sgIP_Init
                0x0000000002002f78       0x3c C:/devkitPro/libnds/lib\libdswifi9.a(sgIP.o)
                0x0000000002002f78                sgIP_Init
 .text.sgIP_Timer
                0x0000000002002fb4       0x6c C:/devkitPro/libnds/lib\libdswifi9.a(sgIP.o)
                0x0000000002002fb4                sgIP_Timer
 .text.sgIP_UDP_Init
                0x0000000002003020       0x1c C:/devkitPro/libnds/lib\libdswifi9.a(sgIP_UDP.o)
                0x0000000002003020                sgIP_UDP_Init
 .text.sgIP_UDP_GetUnusedOutgoingPort
                0x000000000200303c       0x58 C:/devkitPro/libnds/lib\libdswifi9.a(sgIP_UDP.o)
                0x000000000200303c                sgIP_UDP_GetUnusedOutgoingPort
 .text.sgIP_UDP_CalcChecksum
                0x0000000002003094       0x68 C:/devkitPro/libnds/lib\libdswifi9.a(sgIP_UDP.o)
                0x0000000002003094                sgIP_UDP_CalcChecksum
 .text.sgIP_UDP_ReceivePacket
                0x00000000020030fc       0x9c C:/devkitPro/libnds/lib\libdswifi9.a(sgIP_UDP.o)
                0x00000000020030fc                sgIP_UDP_ReceivePacket
 .text.sgIP_UDP_SendPacket
                0x0000000002003198       0xd0 C:/devkitPro/libnds/lib\libdswifi9.a(sgIP_UDP.o)
                0x0000000002003198                sgIP_UDP_SendPacket
 .text.sgIP_UDP_AllocRecord
                0x0000000002003268       0x34 C:/devkitPro/libnds/lib\libdswifi9.a(sgIP_UDP.o)
                0x0000000002003268                sgIP_UDP_AllocRecord
 .text.sgIP_UDP_FreeRecord
                0x000000000200329c       0x4c C:/devkitPro/libnds/lib\libdswifi9.a(sgIP_UDP.o)
                0x000000000200329c                sgIP_UDP_FreeRecord
 .text.sgIP_UDP_Bind
                0x00000000020032e8       0x38 C:/devkitPro/libnds/lib\libdswifi9.a(sgIP_UDP.o)
                0x00000000020032e8                sgIP_UDP_Bind
 .text.sgIP_UDP_RecvFrom
                0x0000000002003320       0xc0 C:/devkitPro/libnds/lib\libdswifi9.a(sgIP_UDP.o)
                0x0000000002003320                sgIP_UDP_RecvFrom
 .text.sgIP_UDP_SendTo
                0x00000000020033e0        0xe C:/devkitPro/libnds/lib\libdswifi9.a(sgIP_UDP.o)
                0x00000000020033e0                sgIP_UDP_SendTo
 *fill*         0x00000000020033ee        0x2 ff
 .text.sgIP_DHCP_Init
                0x00000000020033f0       0x40 C:/devkitPro/libnds/lib\libdswifi9.a(sgIP_DHCP.o)
                0x00000000020033f0                sgIP_DHCP_Init
 .text.sgIP_DHCP_SendDgram
                0x0000000002003430       0x6c C:/devkitPro/libnds/lib\libdswifi9.a(sgIP_DHCP.o)
                0x0000000002003430                sgIP_DHCP_SendDgram
 .text.sgIP_DHCP_BeginDgram
                0x000000000200349c      0x1cc C:/devkitPro/libnds/lib\libdswifi9.a(sgIP_DHCP.o)
                0x000000000200349c                sgIP_DHCP_BeginDgram
 .text.sgIP_DHCP_Terminate
                0x0000000002003668       0x34 C:/devkitPro/libnds/lib\libdswifi9.a(sgIP_DHCP.o)
                0x0000000002003668                sgIP_DHCP_Terminate
 .text.sgIP_DHCP_Start
                0x000000000200369c       0xc0 C:/devkitPro/libnds/lib\libdswifi9.a(sgIP_DHCP.o)
                0x000000000200369c                sgIP_DHCP_Start
 .text.sgIP_DHCP_Update
                0x000000000200375c      0x3d8 C:/devkitPro/libnds/lib\libdswifi9.a(sgIP_DHCP.o)
                0x000000000200375c                sgIP_DHCP_Update
 .text.gethostname
                0x0000000002003b34       0x34 C:/devkitPro/libnds/lib\libdswifi9.a(sgIP_DHCP.o)
                0x0000000002003b34                gethostname
 .text.sgIP_ntoa
                0x0000000002003b68       0x70 C:/devkitPro/libnds/lib\libdswifi9.a(sgIP_DNS.o)
 .text.sgIP_DNS_Init
                0x0000000002003bd8       0x38 C:/devkitPro/libnds/lib\libdswifi9.a(sgIP_DNS.o)
                0x0000000002003bd8                sgIP_DNS_Init
 .text.sgIP_DNS_Timer1000ms
                0x0000000002003c10       0x3c C:/devkitPro/libnds/lib\libdswifi9.a(sgIP_DNS.o)
                0x0000000002003c10                sgIP_DNS_Timer1000ms
 .text.sgIP_DNS_isipaddress
                0x0000000002003c4c      0x180 C:/devkitPro/libnds/lib\libdswifi9.a(sgIP_DNS.o)
                0x0000000002003c4c                sgIP_DNS_isipaddress
 .text.sgIP_DNS_FindDNSRecord
                0x0000000002003dcc       0xbc C:/devkitPro/libnds/lib\libdswifi9.a(sgIP_DNS.o)
                0x0000000002003dcc                sgIP_DNS_FindDNSRecord
 .text.sgIP_DNS_GetUnusedRecord
                0x0000000002003e88       0x88 C:/devkitPro/libnds/lib\libdswifi9.a(sgIP_DNS.o)
                0x0000000002003e88                sgIP_DNS_GetUnusedRecord
 .text.sgIP_DNS_GenerateHostent
                0x0000000002003f10       0xb0 C:/devkitPro/libnds/lib\libdswifi9.a(sgIP_DNS.o)
                0x0000000002003f10                sgIP_DNS_GenerateHostent
 .text.sgIP_DNS_CopyAliasAt
                0x0000000002003fc0       0x5c C:/devkitPro/libnds/lib\libdswifi9.a(sgIP_DNS.o)
                0x0000000002003fc0                sgIP_DNS_CopyAliasAt
 .text.sgIP_DNS_gethostbyname
                0x000000000200401c      0x3b0 C:/devkitPro/libnds/lib\libdswifi9.a(sgIP_DNS.o)
                0x000000000200401c                sgIP_DNS_gethostbyname
 .text.sgIP_TCP_Init
                0x00000000020043cc       0x34 C:/devkitPro/libnds/lib\libdswifi9.a(sgIP_TCP.o)
                0x00000000020043cc                sgIP_TCP_Init
 .text.sgIP_TCP_support_seqhash
                0x0000000002004400       0x58 C:/devkitPro/libnds/lib\libdswifi9.a(sgIP_TCP.o)
                0x0000000002004400                sgIP_TCP_support_seqhash
 .text.sgIP_TCP_GetUnusedOutgoingPort
                0x0000000002004458       0x60 C:/devkitPro/libnds/lib\libdswifi9.a(sgIP_TCP.o)
                0x0000000002004458                sgIP_TCP_GetUnusedOutgoingPort
 .text.sgIP_TCP_CalcChecksum
                0x00000000020044b8       0x58 C:/devkitPro/libnds/lib\libdswifi9.a(sgIP_TCP.o)
                0x00000000020044b8                sgIP_TCP_CalcChecksum
 .text.sgIP_TCP_GenHeader
                0x0000000002004510       0x98 C:/devkitPro/libnds/lib\libdswifi9.a(sgIP_TCP.o)
                0x0000000002004510                sgIP_TCP_GenHeader
 .text.sgIP_TCP_FixChecksum
                0x00000000020045a8       0x60 C:/devkitPro/libnds/lib\libdswifi9.a(sgIP_TCP.o)
                0x00000000020045a8                sgIP_TCP_FixChecksum
 .text.sgIP_TCP_SendPacket
                0x0000000002004608       0xc0 C:/devkitPro/libnds/lib\libdswifi9.a(sgIP_TCP.o)
                0x0000000002004608                sgIP_TCP_SendPacket
 .text.sgIP_TCP_SendSynReply
                0x00000000020046c8       0x9c C:/devkitPro/libnds/lib\libdswifi9.a(sgIP_TCP.o)
                0x00000000020046c8                sgIP_TCP_SendSynReply
 .text.sgIP_TCP_Timer
                0x0000000002004764      0x1d0 C:/devkitPro/libnds/lib\libdswifi9.a(sgIP_TCP.o)
                0x0000000002004764                sgIP_TCP_Timer
 .text.sgIP_TCP_AllocRecord
                0x0000000002004934       0x48 C:/devkitPro/libnds/lib\libdswifi9.a(sgIP_TCP.o)
                0x0000000002004934                sgIP_TCP_AllocRecord
 .text.sgIP_TCP_ReceivePacket
                0x000000000200497c      0x4e8 C:/devkitPro/libnds/lib\libdswifi9.a(sgIP_TCP.o)
                0x000000000200497c                sgIP_TCP_ReceivePacket
 .text.sgIP_TCP_FreeRecord
                0x0000000002004e64       0xcc C:/devkitPro/libnds/lib\libdswifi9.a(sgIP_TCP.o)
                0x0000000002004e64                sgIP_TCP_FreeRecord
 .text.sgIP_TCP_Bind
                0x0000000002004f30       0x28 C:/devkitPro/libnds/lib\libdswifi9.a(sgIP_TCP.o)
                0x0000000002004f30                sgIP_TCP_Bind
 .text.sgIP_TCP_Close
                0x0000000002004f58       0x30 C:/devkitPro/libnds/lib\libdswifi9.a(sgIP_TCP.o)
                0x0000000002004f58                sgIP_TCP_Close
 .text.sgIP_TCP_Connect
                0x0000000002004f88       0x7c C:/devkitPro/libnds/lib\libdswifi9.a(sgIP_TCP.o)
                0x0000000002004f88                sgIP_TCP_Connect
 .text.sgIP_TCP_Send
                0x0000000002005004       0xf8 C:/devkitPro/libnds/lib\libdswifi9.a(sgIP_TCP.o)
                0x0000000002005004                sgIP_TCP_Send
 .text.sgIP_TCP_Recv
                0x00000000020050fc       0xd4 C:/devkitPro/libnds/lib\libdswifi9.a(sgIP_TCP.o)
                0x00000000020050fc                sgIP_TCP_Recv
 .text.sgIP_IP_ReceivePacket
                0x00000000020051d0       0x94 C:/devkitPro/libnds/lib\libdswifi9.a(sgIP_IP.o)
                0x00000000020051d0                sgIP_IP_ReceivePacket
 .text.sgIP_IP_MaxContentsSize
                0x0000000002005264        0xa C:/devkitPro/libnds/lib\libdswifi9.a(sgIP_IP.o)
                0x0000000002005264                sgIP_IP_MaxContentsSize
 .text.sgIP_IP_RequiredHeaderSize
                0x000000000200526e        0x4 C:/devkitPro/libnds/lib\libdswifi9.a(sgIP_IP.o)
                0x000000000200526e                sgIP_IP_RequiredHeaderSize
 *fill*         0x0000000002005272        0x2 ff
 .text.sgIP_IP_SendViaIP
                0x0000000002005274       0x88 C:/devkitPro/libnds/lib\libdswifi9.a(sgIP_IP.o)
                0x0000000002005274                sgIP_IP_SendViaIP
 .text.sgIP_IP_GetLocalBindAddr
                0x00000000020052fc        0xe C:/devkitPro/libnds/lib\libdswifi9.a(sgIP_IP.o)
                0x00000000020052fc                sgIP_IP_GetLocalBindAddr
 *fill*         0x000000000200530a        0x2 ff
 .text.sgIP_ICMP_ReceivePacket
                0x000000000200530c       0x58 C:/devkitPro/libnds/lib\libdswifi9.a(sgIP_ICMP.o)
                0x000000000200530c                sgIP_ICMP_ReceivePacket
 .text.newRow   0x0000000002005364       0xb0 C:/devkitPro/libnds/lib\libnds9.a(console.o)
 .text.consolePrintChar
                0x0000000002005414       0xec C:/devkitPro/libnds/lib\libnds9.a(console.o)
                0x0000000002005414                consolePrintChar
 .text.con_write
                0x0000000002005500      0x374 C:/devkitPro/libnds/lib\libnds9.a(console.o)
                0x0000000002005500                con_write
 .text.consoleLoadFont
                0x0000000002005874      0x2a8 C:/devkitPro/libnds/lib\libnds9.a(console.o)
                0x0000000002005874                consoleLoadFont
 .text.consoleInit
                0x0000000002005b1c      0x194 C:/devkitPro/libnds/lib\libnds9.a(console.o)
                0x0000000002005b1c                consoleInit
 .text.consoleDemoInit
                0x0000000002005cb0       0x40 C:/devkitPro/libnds/lib\libnds9.a(console.o)
                0x0000000002005cb0                consoleDemoInit
 .text.keysDown
                0x0000000002005cf0       0x14 C:/devkitPro/libnds/lib\libnds9.a(keys.o)
                0x0000000002005cf0                keysDown
 .text.initSystem
                0x0000000002005d04      0x198 C:/devkitPro/libnds/lib\libnds9.a(initSystem.o)
                0x0000000002005d04                initSystem
 .text.__libnds_gtod
                0x0000000002005e9c       0x28 C:/devkitPro/libnds/lib\libnds9.a(timeSupport.o)
                0x0000000002005e9c                __libnds_gtod
 .text.irqDummy
                0x0000000002005ec4        0x4 C:/devkitPro/libnds/lib\libnds9.a(interrupts.o)
                0x0000000002005ec4                irqDummy
 .text.irqSet   0x0000000002005ec8       0x6c C:/devkitPro/libnds/lib\libnds9.a(interrupts.o)
                0x0000000002005ec8                irqSet
 .text.irqInit  0x0000000002005f34       0x50 C:/devkitPro/libnds/lib\libnds9.a(interrupts.o)
                0x0000000002005f34                irqInit
 .text.irqEnable
                0x0000000002005f84       0x64 C:/devkitPro/libnds/lib\libnds9.a(interrupts.o)
                0x0000000002005f84                irqEnable
 .text.systemErrorExit
                0x0000000002005fe8        0x4 C:/devkitPro/libnds/lib\libnds9.a(libnds_exit.arm.o)
                0x0000000002005fe8                systemErrorExit
 .text.__libnds_exit
                0x0000000002005fec       0x5c C:/devkitPro/libnds/lib\libnds9.a(libnds_exit.arm.o)
                0x0000000002005fec                __libnds_exit
 .text.fifo_queueBlock
                0x0000000002006048       0x44 C:/devkitPro/libnds/lib\libnds9.a(fifosystem.o)
 .text.fifo_waitBlock
                0x000000000200608c       0x80 C:/devkitPro/libnds/lib\libnds9.a(fifosystem.o)
 .text.fifoInternalSend.part.0
                0x000000000200610c       0xd4 C:/devkitPro/libnds/lib\libnds9.a(fifosystem.o)
 .text.fifoInternalSendInterrupt
                0x00000000020061e0       0xa8 C:/devkitPro/libnds/lib\libnds9.a(fifosystem.o)
 .text.fifoSetValue32Handler
                0x0000000002006288       0xd8 C:/devkitPro/libnds/lib\libnds9.a(fifosystem.o)
                0x0000000002006288                fifoSetValue32Handler
 .text.fifoSendAddress
                0x0000000002006360       0x38 C:/devkitPro/libnds/lib\libnds9.a(fifosystem.o)
                0x0000000002006360                fifoSendAddress
 .text.fifoSendValue32
                0x0000000002006398       0x4c C:/devkitPro/libnds/lib\libnds9.a(fifosystem.o)
                0x0000000002006398                fifoSendValue32
 .text.fifoGetDatamsg
                0x00000000020063e4       0xf4 C:/devkitPro/libnds/lib\libnds9.a(fifosystem.o)
                0x00000000020063e4                fifoGetDatamsg
 .text.fifoInternalRecvInterrupt
                0x00000000020064d8      0x380 C:/devkitPro/libnds/lib\libnds9.a(fifosystem.o)
 .text.fifoSetDatamsgHandler
                0x0000000002006858       0x9c C:/devkitPro/libnds/lib\libnds9.a(fifosystem.o)
                0x0000000002006858                fifoSetDatamsgHandler
 .text.fifoInit
                0x00000000020068f4       0xf8 C:/devkitPro/libnds/lib\libnds9.a(fifosystem.o)
                0x00000000020068f4                fifoInit
 .text.DC_FlushAll
                0x00000000020069ec       0x2c C:/devkitPro/libnds/lib\libnds9.a(dcache.o)
                0x00000000020069ec                DC_FlushAll
 .text.DC_FlushRange
                0x0000000002006a18       0x24 C:/devkitPro/libnds/lib\libnds9.a(dcache.o)
                0x0000000002006a18                DC_FlushRange
 .text.__libnds_mpu_setup
                0x0000000002006a3c      0x174 C:/devkitPro/libnds/lib\libnds9.a(mpu_setup.o)
                0x0000000002006a3c                __libnds_mpu_setup
 .text.memUncached
                0x0000000002006bb0       0x20 C:/devkitPro/libnds/lib\libnds9.a(mpu_setup.o)
                0x0000000002006bb0                memUncached
 .text.swiWaitForVBlank
                0x0000000002006bd0        0x8 C:/devkitPro/libnds/lib\libnds9.a(IntrWait.o)
                0x0000000002006bd0                swiWaitForVBlank
 .text.swiIntrWait
                0x0000000002006bd8       0x70 C:/devkitPro/libnds/lib\libnds9.a(IntrWait.o)
                0x0000000002006bd8                swiIntrWait
 .text.setCpuClock
                0x0000000002006c48       0x50 C:/devkitPro/libnds/lib\libnds9.a(cpu_clock.o)
                0x0000000002006c48                setCpuClock
 .text.swiSoftReset
                0x0000000002006c98       0x2c C:/devkitPro/libnds/lib\libnds9.a(swiSoftReset.o)
                0x0000000002006c98                swiSoftReset
 .text.checkIfText
                0x0000000002006cc4       0x5c C:/devkitPro/libnds/lib\libnds9.a(background.o)
                0x0000000002006cc4                checkIfText
 .text.bgUpdate
                0x0000000002006d20       0xf4 C:/devkitPro/libnds/lib\libnds9.a(background.o)
                0x0000000002006d20                bgUpdate
 .text.bgInit_call
                0x0000000002006e14       0xc4 C:/devkitPro/libnds/lib\libnds9.a(background.o)
                0x0000000002006e14                bgInit_call
 .text.bgInitSub_call
                0x0000000002006ed8       0xcc C:/devkitPro/libnds/lib\libnds9.a(background.o)
                0x0000000002006ed8                bgInitSub_call
 .text.vramDefault
                0x0000000002006fa4       0xd0 C:/devkitPro/libnds/lib\libnds9.a(video.o)
                0x0000000002006fa4                vramDefault
 .text.systemValueHandler
                0x0000000002007074       0x48 C:/devkitPro/libnds/lib\libnds9.a(system.o)
                0x0000000002007074                systemValueHandler
 .text.systemMsgHandler
                0x00000000020070bc       0x60 C:/devkitPro/libnds/lib\libnds9.a(system.o)
                0x00000000020070bc                systemMsgHandler
 .text.powerOn  0x000000000200711c       0x2c C:/devkitPro/libnds/lib\libnds9.a(system.o)
                0x000000000200711c                powerOn
 .text.sinLutLookup
                0x0000000002007148       0x38 C:/devkitPro/libnds/lib\libnds9.a(trig.o)
                0x0000000002007148                sinLutLookup
 .text.sinLerp  0x0000000002007180       0x40 C:/devkitPro/libnds/lib\libnds9.a(trig.o)
                0x0000000002007180                sinLerp
 .text.cosLerp  0x00000000020071c0       0x4c C:/devkitPro/libnds/lib\libnds9.a(trig.o)
                0x00000000020071c0                cosLerp
 .text.swiDelay
                0x000000000200720c        0x4 C:/devkitPro/libnds/lib\libnds9.a(biosCalls.o)
                0x000000000200720c                swiDelay
 .text.__errno  0x0000000002007210        0xc c:/devkitpro/devkitarm/bin/../lib/gcc/arm-none-eabi/11.1.0/../../../../arm-none-eabi/lib/thumb\libg.a(lib_a-errno.o)
                0x0000000002007210                __errno
 .text.__libc_init_array
                0x000000000200721c       0x50 c:/devkitpro/devkitarm/bin/../lib/gcc/arm-none-eabi/11.1.0/../../../../arm-none-eabi/lib/thumb\libg.a(lib_a-init.o)
                0x000000000200721c                __libc_init_array
 .text.iprintf  0x000000000200726c       0x24 c:/devkitpro/devkitarm/bin/../lib/gcc/arm-none-eabi/11.1.0/../../../../arm-none-eabi/lib/thumb\libg.a(lib_a-iprintf.o)
                0x000000000200726c                iprintf
 .text.malloc   0x0000000002007290       0x14 c:/devkitpro/devkitarm/bin/../lib/gcc/arm-none-eabi/11.1.0/../../../../arm-none-eabi/lib/thumb\libg.a(lib_a-malloc.o)
                0x0000000002007290                malloc
 .text.free     0x00000000020072a4       0x14 c:/devkitpro/devkitarm/bin/../lib/gcc/arm-none-eabi/11.1.0/../../../../arm-none-eabi/lib/thumb\libg.a(lib_a-malloc.o)
                0x00000000020072a4                free
 .text._malloc_r
                0x00000000020072b8      0x58c c:/devkitpro/devkitarm/bin/../lib/gcc/arm-none-eabi/11.1.0/../../../../arm-none-eabi/lib/thumb\libg.a(lib_a-mallocr.o)
                0x00000000020072b8                _malloc_r
 .text.memcpy   0x0000000002007844       0xa8 c:/devkitpro/devkitarm/bin/../lib/gcc/arm-none-eabi/11.1.0/../../../../arm-none-eabi/lib/thumb\libg.a(lib_a-memcpy-stub.o)
                0x0000000002007844                memcpy
 .text.memset   0x00000000020078ec       0xb0 c:/devkitpro/devkitarm/bin/../lib/gcc/arm-none-eabi/11.1.0/../../../../arm-none-eabi/lib/thumb\libg.a(lib_a-memset.o)
                0x00000000020078ec                memset
 .text.__malloc_lock
                0x000000000200799c       0x14 c:/devkitpro/devkitarm/bin/../lib/gcc/arm-none-eabi/11.1.0/../../../../arm-none-eabi/lib/thumb\libg.a(lib_a-mlock.o)
                0x000000000200799c                __malloc_lock
 .text.__malloc_unlock
                0x00000000020079b0       0x14 c:/devkitpro/devkitarm/bin/../lib/gcc/arm-none-eabi/11.1.0/../../../../arm-none-eabi/lib/thumb\libg.a(lib_a-mlock.o)
                0x00000000020079b0                __malloc_unlock
 .text.setvbuf  0x00000000020079c4      0x1ac c:/devkitpro/devkitarm/bin/../lib/gcc/arm-none-eabi/11.1.0/../../../../arm-none-eabi/lib/thumb\libg.a(lib_a-setvbuf.o)
                0x00000000020079c4                setvbuf
 .text.siscanf  0x0000000002007b70       0x4c c:/devkitpro/devkitarm/bin/../lib/gcc/arm-none-eabi/11.1.0/../../../../arm-none-eabi/lib/thumb\libg.a(lib_a-siscanf.o)
                0x0000000002007b70                siscanf
 .text.__sread  0x0000000002007bbc       0x34 c:/devkitpro/devkitarm/bin/../lib/gcc/arm-none-eabi/11.1.0/../../../../arm-none-eabi/lib/thumb\libg.a(lib_a-stdio.o)
                0x0000000002007bbc                __sread
 .text.__seofread
                0x0000000002007bf0        0x4 c:/devkitpro/devkitarm/bin/../lib/gcc/arm-none-eabi/11.1.0/../../../../arm-none-eabi/lib/thumb\libg.a(lib_a-stdio.o)
                0x0000000002007bf0                __seofread
 .text.__swrite
                0x0000000002007bf4       0x4c c:/devkitpro/devkitarm/bin/../lib/gcc/arm-none-eabi/11.1.0/../../../../arm-none-eabi/lib/thumb\libg.a(lib_a-stdio.o)
                0x0000000002007bf4                __swrite
 .text.__sseek  0x0000000002007c40       0x40 c:/devkitpro/devkitarm/bin/../lib/gcc/arm-none-eabi/11.1.0/../../../../arm-none-eabi/lib/thumb\libg.a(lib_a-stdio.o)
                0x0000000002007c40                __sseek
 .text.__sclose
                0x0000000002007c80       0x10 c:/devkitpro/devkitarm/bin/../lib/gcc/arm-none-eabi/11.1.0/../../../../arm-none-eabi/lib/thumb\libg.a(lib_a-stdio.o)
                0x0000000002007c80                __sclose
 .text.strcpy   0x0000000002007c90       0x10 c:/devkitpro/devkitarm/bin/../lib/gcc/arm-none-eabi/11.1.0/../../../../arm-none-eabi/lib/thumb\libg.a(lib_a-strcpy.o)
                0x0000000002007c90                strcpy
 .text.strlen   0x0000000002007ca0       0x60 c:/devkitpro/devkitarm/bin/../lib/gcc/arm-none-eabi/11.1.0/../../../../arm-none-eabi/lib/thumb\libg.a(lib_a-strlen-stub.o)
                0x0000000002007ca0                strlen
 .text.strncpy  0x0000000002007d00       0x74 c:/devkitpro/devkitarm/bin/../lib/gcc/arm-none-eabi/11.1.0/../../../../arm-none-eabi/lib/thumb\libg.a(lib_a-strncpy.o)
                0x0000000002007d00                strncpy
 .text.get_arg  0x0000000002007d74       0x32 c:/devkitpro/devkitarm/bin/../lib/gcc/arm-none-eabi/11.1.0/../../../../arm-none-eabi/lib/thumb\libg.a(lib_a-svfiscanf.o)
 .text._sungetc_r
                0x0000000002007da6       0x7e c:/devkitpro/devkitarm/bin/../lib/gcc/arm-none-eabi/11.1.0/../../../../arm-none-eabi/lib/thumb\libg.a(lib_a-svfiscanf.o)
                0x0000000002007da6                _sungetc_r
 .text.__ssrefill_r
                0x0000000002007e24       0x42 c:/devkitpro/devkitarm/bin/../lib/gcc/arm-none-eabi/11.1.0/../../../../arm-none-eabi/lib/thumb\libg.a(lib_a-svfiscanf.o)
                0x0000000002007e24                __ssrefill_r
 .text._sfread_r
                0x0000000002007e66       0x88 c:/devkitpro/devkitarm/bin/../lib/gcc/arm-none-eabi/11.1.0/../../../../arm-none-eabi/lib/thumb\libg.a(lib_a-svfiscanf.o)
                0x0000000002007e66                _sfread_r
 *fill*         0x0000000002007eee        0x2 ff
 .text.__ssvfiscanf_r
                0x0000000002007ef0     0x1a04 c:/devkitpro/devkitarm/bin/../lib/gcc/arm-none-eabi/11.1.0/../../../../arm-none-eabi/lib/thumb\libg.a(lib_a-svfiscanf.o)
                0x0000000002007ef0                __ssvfiscanf_r
 .text.__submore
                0x00000000020098f4       0x88 c:/devkitpro/devkitarm/bin/../lib/gcc/arm-none-eabi/11.1.0/../../../../arm-none-eabi/lib/thumb\libg.a(lib_a-ungetc.o)
                0x00000000020098f4                __submore
 .text.get_arg  0x000000000200997c      0x400 c:/devkitpro/devkitarm/bin/../lib/gcc/arm-none-eabi/11.1.0/../../../../arm-none-eabi/lib/thumb\libg.a(lib_a-vfiprintf.o)
 .text.__sprint_r
                0x0000000002009d7c       0x24 c:/devkitpro/devkitarm/bin/../lib/gcc/arm-none-eabi/11.1.0/../../../../arm-none-eabi/lib/thumb\libg.a(lib_a-vfiprintf.o)
                0x0000000002009d7c                __sprint_r
 .text._vfiprintf_r
                0x0000000002009da0     0x1710 c:/devkitpro/devkitarm/bin/../lib/gcc/arm-none-eabi/11.1.0/../../../../arm-none-eabi/lib/thumb\libg.a(lib_a-vfiprintf.o)
                0x0000000002009da0                _vfiprintf_r
 .text.__sbprintf
                0x000000000200b4b0       0x8c c:/devkitpro/devkitarm/bin/../lib/gcc/arm-none-eabi/11.1.0/../../../../arm-none-eabi/lib/thumb\libg.a(lib_a-vfiprintf.o)
 .text._wcrtomb_r
                0x000000000200b53c       0x5c c:/devkitpro/devkitarm/bin/../lib/gcc/arm-none-eabi/11.1.0/../../../../arm-none-eabi/lib/thumb\libg.a(lib_a-wcrtomb.o)
                0x000000000200b53c                _wcrtomb_r
 .text._wcsrtombs_r
                0x000000000200b598       0x1c c:/devkitpro/devkitarm/bin/../lib/gcc/arm-none-eabi/11.1.0/../../../../arm-none-eabi/lib/thumb\libg.a(lib_a-wcsrtombs.o)
                0x000000000200b598                _wcsrtombs_r
 .text.__swsetup_r
                0x000000000200b5b4       0xe4 c:/devkitpro/devkitarm/bin/../lib/gcc/arm-none-eabi/11.1.0/../../../../arm-none-eabi/lib/thumb\libg.a(lib_a-wsetup.o)
                0x000000000200b5b4                __swsetup_r
 .text.__sflush_r
                0x000000000200b698      0x1c0 c:/devkitpro/devkitarm/bin/../lib/gcc/arm-none-eabi/11.1.0/../../../../arm-none-eabi/lib/thumb\libg.a(lib_a-fflush.o)
                0x000000000200b698                __sflush_r
 .text._fflush_r
                0x000000000200b858       0x70 c:/devkitpro/devkitarm/bin/../lib/gcc/arm-none-eabi/11.1.0/../../../../arm-none-eabi/lib/thumb\libg.a(lib_a-fflush.o)
                0x000000000200b858                _fflush_r
 .text._cleanup_r
                0x000000000200b8c8       0x14 c:/devkitpro/devkitarm/bin/../lib/gcc/arm-none-eabi/11.1.0/../../../../arm-none-eabi/lib/thumb\libg.a(lib_a-findfp.o)
                0x000000000200b8c8                _cleanup_r
 .text.__sinit  0x000000000200b8dc      0x124 c:/devkitpro/devkitarm/bin/../lib/gcc/arm-none-eabi/11.1.0/../../../../arm-none-eabi/lib/thumb\libg.a(lib_a-findfp.o)
                0x000000000200b8dc                __sinit
 .text.__sfp_lock_acquire
                0x000000000200ba00       0x14 c:/devkitpro/devkitarm/bin/../lib/gcc/arm-none-eabi/11.1.0/../../../../arm-none-eabi/lib/thumb\libg.a(lib_a-findfp.o)
                0x000000000200ba00                __sfp_lock_acquire
 .text.__sfp_lock_release
                0x000000000200ba14       0x14 c:/devkitpro/devkitarm/bin/../lib/gcc/arm-none-eabi/11.1.0/../../../../arm-none-eabi/lib/thumb\libg.a(lib_a-findfp.o)
                0x000000000200ba14                __sfp_lock_release
 .text._malloc_trim_r
                0x000000000200ba28       0xa0 c:/devkitpro/devkitarm/bin/../lib/gcc/arm-none-eabi/11.1.0/../../../../arm-none-eabi/lib/thumb\libg.a(lib_a-freer.o)
                0x000000000200ba28                _malloc_trim_r
 .text._free_r  0x000000000200bac8      0x1d8 c:/devkitpro/devkitarm/bin/../lib/gcc/arm-none-eabi/11.1.0/../../../../arm-none-eabi/lib/thumb\libg.a(lib_a-freer.o)
                0x000000000200bac8                _free_r
 .text.__sfvwrite_r
                0x000000000200bca0      0x34c c:/devkitpro/devkitarm/bin/../lib/gcc/arm-none-eabi/11.1.0/../../../../arm-none-eabi/lib/thumb\libg.a(lib_a-fvwrite.o)
                0x000000000200bca0                __sfvwrite_r
 .text._fwalk_reent
                0x000000000200bfec       0x50 c:/devkitpro/devkitarm/bin/../lib/gcc/arm-none-eabi/11.1.0/../../../../arm-none-eabi/lib/thumb\libg.a(lib_a-fwalk.o)
                0x000000000200bfec                _fwalk_reent
 .text.iswspace
                0x000000000200c03c       0x10 c:/devkitpro/devkitarm/bin/../lib/gcc/arm-none-eabi/11.1.0/../../../../arm-none-eabi/lib/thumb\libg.a(lib_a-iswspace.o)
                0x000000000200c03c                iswspace
 .text._localeconv_r
                0x000000000200c04c        0x8 c:/devkitpro/devkitarm/bin/../lib/gcc/arm-none-eabi/11.1.0/../../../../arm-none-eabi/lib/thumb\libg.a(lib_a-localeconv.o)
                0x000000000200c04c                _localeconv_r
 .text.__locale_mb_cur_max
                0x000000000200c054       0x10 c:/devkitpro/devkitarm/bin/../lib/gcc/arm-none-eabi/11.1.0/../../../../arm-none-eabi/lib/thumb\libg.a(lib_a-locale.o)
                0x000000000200c054                __locale_mb_cur_max
 .text.__smakebuf_r
                0x000000000200c064       0xec c:/devkitpro/devkitarm/bin/../lib/gcc/arm-none-eabi/11.1.0/../../../../arm-none-eabi/lib/thumb\libg.a(lib_a-makebuf.o)
                0x000000000200c064                __smakebuf_r
 .text.__swhatbuf_r
                0x000000000200c150       0x5c c:/devkitpro/devkitarm/bin/../lib/gcc/arm-none-eabi/11.1.0/../../../../arm-none-eabi/lib/thumb\libg.a(lib_a-makebuf.o)
                0x000000000200c150                __swhatbuf_r
 .text._mbrtowc_r
                0x000000000200c1ac       0x60 c:/devkitpro/devkitarm/bin/../lib/gcc/arm-none-eabi/11.1.0/../../../../arm-none-eabi/lib/thumb\libg.a(lib_a-mbrtowc.o)
                0x000000000200c1ac                _mbrtowc_r
 .text.__utf8_mbtowc
                0x000000000200c20c      0x294 c:/devkitpro/devkitarm/bin/../lib/gcc/arm-none-eabi/11.1.0/../../../../arm-none-eabi/lib/thumb\libg.a(lib_a-mbtowc_r.o)
                0x000000000200c20c                __utf8_mbtowc
 .text.memchr   0x000000000200c4a0       0x78 c:/devkitpro/devkitarm/bin/../lib/gcc/arm-none-eabi/11.1.0/../../../../arm-none-eabi/lib/thumb\libg.a(lib_a-memchr-stub.o)
                0x000000000200c4a0                memchr
 .text.memmove  0x000000000200c518       0xbc c:/devkitpro/devkitarm/bin/../lib/gcc/arm-none-eabi/11.1.0/../../../../arm-none-eabi/lib/thumb\libg.a(lib_a-memmove.o)
                0x000000000200c518                memmove
 .text.realloc  0x000000000200c5d4       0x18 c:/devkitpro/devkitarm/bin/../lib/gcc/arm-none-eabi/11.1.0/../../../../arm-none-eabi/lib/thumb\libg.a(lib_a-realloc.o)
                0x000000000200c5d4                realloc
 .text._realloc_r
                0x000000000200c5ec      0x380 c:/devkitpro/devkitarm/bin/../lib/gcc/arm-none-eabi/11.1.0/../../../../arm-none-eabi/lib/thumb\libg.a(lib_a-reallocr.o)
                0x000000000200c5ec                _realloc_r
 .text.__sccl   0x000000000200c96c       0x90 c:/devkitpro/devkitarm/bin/../lib/gcc/arm-none-eabi/11.1.0/../../../../arm-none-eabi/lib/thumb\libg.a(lib_a-sccl.o)
                0x000000000200c96c                __sccl
 .text._strtoll_l.constprop.0
                0x000000000200c9fc      0x1a4 c:/devkitpro/devkitarm/bin/../lib/gcc/arm-none-eabi/11.1.0/../../../../arm-none-eabi/lib/thumb\libg.a(lib_a-strtoll.o)
 .text._strtoll_r
                0x000000000200cba0        0xc c:/devkitpro/devkitarm/bin/../lib/gcc/arm-none-eabi/11.1.0/../../../../arm-none-eabi/lib/thumb\libg.a(lib_a-strtoll.o)
                0x000000000200cba0                _strtoll_r
 .text._strtol_l.part.0
                0x000000000200cbac      0x144 c:/devkitpro/devkitarm/bin/../lib/gcc/arm-none-eabi/11.1.0/../../../../arm-none-eabi/lib/thumb\libg.a(lib_a-strtol.o)
 .text._strtol_r
                0x000000000200ccf0       0x20 c:/devkitpro/devkitarm/bin/../lib/gcc/arm-none-eabi/11.1.0/../../../../arm-none-eabi/lib/thumb\libg.a(lib_a-strtol.o)
                0x000000000200ccf0                _strtol_r
 .text._strtoull_l.constprop.0
                0x000000000200cd10      0x1c0 c:/devkitpro/devkitarm/bin/../lib/gcc/arm-none-eabi/11.1.0/../../../../arm-none-eabi/lib/thumb\libg.a(lib_a-strtoull.o)
 .text._strtoull_r
                0x000000000200ced0        0xc c:/devkitpro/devkitarm/bin/../lib/gcc/arm-none-eabi/11.1.0/../../../../arm-none-eabi/lib/thumb\libg.a(lib_a-strtoull.o)
                0x000000000200ced0                _strtoull_r
 .text._strtoul_l.constprop.0
                0x000000000200cedc      0x148 c:/devkitpro/devkitarm/bin/../lib/gcc/arm-none-eabi/11.1.0/../../../../arm-none-eabi/lib/thumb\libg.a(lib_a-strtoul.o)
 .text._strtoul_r
                0x000000000200d024        0xc c:/devkitpro/devkitarm/bin/../lib/gcc/arm-none-eabi/11.1.0/../../../../arm-none-eabi/lib/thumb\libg.a(lib_a-strtoul.o)
                0x000000000200d024                _strtoul_r
 .text._wcsnrtombs_l
                0x000000000200d030      0x110 c:/devkitpro/devkitarm/bin/../lib/gcc/arm-none-eabi/11.1.0/../../../../arm-none-eabi/lib/thumb\libg.a(lib_a-wcsnrtombs.o)
                0x000000000200d030                _wcsnrtombs_l
 .text._wcsnrtombs_r
                0x000000000200d140       0x30 c:/devkitpro/devkitarm/bin/../lib/gcc/arm-none-eabi/11.1.0/../../../../arm-none-eabi/lib/thumb\libg.a(lib_a-wcsnrtombs.o)
                0x000000000200d140                _wcsnrtombs_r
 .text.__utf8_wctomb
                0x000000000200d170       0xb4 c:/devkitpro/devkitarm/bin/../lib/gcc/arm-none-eabi/11.1.0/../../../../arm-none-eabi/lib/thumb\libg.a(lib_a-wctomb_r.o)
                0x000000000200d170                __utf8_wctomb
 .text._fclose_r
                0x000000000200d224       0xe8 c:/devkitpro/devkitarm/bin/../lib/gcc/arm-none-eabi/11.1.0/../../../../arm-none-eabi/lib/thumb\libg.a(lib_a-fclose.o)
                0x000000000200d224                _fclose_r
 .text.iswspace_l
                0x000000000200d30c       0x2c c:/devkitpro/devkitarm/bin/../lib/gcc/arm-none-eabi/11.1.0/../../../../arm-none-eabi/lib/thumb\libg.a(lib_a-iswspace_l.o)
                0x000000000200d30c                iswspace_l
 .text.__jp2uc  0x000000000200d338      0x154 c:/devkitpro/devkitarm/bin/../lib/gcc/arm-none-eabi/11.1.0/../../../../arm-none-eabi/lib/thumb\libg.a(lib_a-jp2uc.o)
 .text._jp2uc_l
                0x000000000200d48c       0x6c c:/devkitpro/devkitarm/bin/../lib/gcc/arm-none-eabi/11.1.0/../../../../arm-none-eabi/lib/thumb\libg.a(lib_a-jp2uc.o)
                0x000000000200d48c                _jp2uc_l
 .text.category
                0x000000000200d4f8       0x54 c:/devkitpro/devkitarm/bin/../lib/gcc/arm-none-eabi/11.1.0/../../../../arm-none-eabi/lib/thumb\libg.a(lib_a-categories.o)
                0x000000000200d4f8                category
 .text.null_write
                0x000000000200d54c        0x4 c:/devkitpro/devkitarm/bin/../lib/gcc/arm-none-eabi/11.1.0/../../../../arm-none-eabi/lib/thumb\libsysbase.a(iosupport.o)
 .text._fstat_r
                0x000000000200d550       0x4c c:/devkitpro/devkitarm/bin/../lib/gcc/arm-none-eabi/11.1.0/../../../../arm-none-eabi/lib/thumb\libsysbase.a(fstat.o)
                0x000000000200d550                _fstat_r
 .text._isatty_r
                0x000000000200d59c        0x4 c:/devkitpro/devkitarm/bin/../lib/gcc/arm-none-eabi/11.1.0/../../../../arm-none-eabi/lib/thumb\libsysbase.a(isatty.o)
                0x000000000200d59c                _isatty_r
 .text._lseek_r
                0x000000000200d5a0       0x5c c:/devkitpro/devkitarm/bin/../lib/gcc/arm-none-eabi/11.1.0/../../../../arm-none-eabi/lib/thumb\libsysbase.a(lseek.o)
                0x000000000200d5a0                _lseek_r
 .text._read_r  0x000000000200d5fc       0x50 c:/devkitpro/devkitarm/bin/../lib/gcc/arm-none-eabi/11.1.0/../../../../arm-none-eabi/lib/thumb\libsysbase.a(read.o)
                0x000000000200d5fc                _read_r
 .text._sbrk_r  0x000000000200d64c       0x54 c:/devkitpro/devkitarm/bin/../lib/gcc/arm-none-eabi/11.1.0/../../../../arm-none-eabi/lib/thumb\libsysbase.a(sbrk.o)
                0x000000000200d64c                _sbrk_r
 .text._write_r
                0x000000000200d6a0       0x50 c:/devkitpro/devkitarm/bin/../lib/gcc/arm-none-eabi/11.1.0/../../../../arm-none-eabi/lib/thumb\libsysbase.a(write.o)
                0x000000000200d6a0                _write_r
 .text.build_argv
                0x000000000200d6f0       0x4c c:/devkitpro/devkitarm/bin/../lib/gcc/arm-none-eabi/11.1.0/../../../../arm-none-eabi/lib/thumb\libsysbase.a(build_argv.o)
                0x000000000200d6f0                build_argv
 .text.__flockfile
                0x000000000200d73c       0x10 c:/devkitpro/devkitarm/bin/../lib/gcc/arm-none-eabi/11.1.0/../../../../arm-none-eabi/lib/thumb\libsysbase.a(flock.o)
                0x000000000200d73c                __flockfile
 .text.__funlockfile
                0x000000000200d74c       0x10 c:/devkitpro/devkitarm/bin/../lib/gcc/arm-none-eabi/11.1.0/../../../../arm-none-eabi/lib/thumb\libsysbase.a(flock.o)
                0x000000000200d74c                __funlockfile
 .text.__libc_lock_acquire
                0x000000000200d75c       0x1c c:/devkitpro/devkitarm/bin/../lib/gcc/arm-none-eabi/11.1.0/../../../../arm-none-eabi/lib/thumb\libsysbase.a(syscall_support.o)
                0x000000000200d75c                __libc_lock_acquire
 .text.__libc_lock_release
                0x000000000200d778       0x1c c:/devkitpro/devkitarm/bin/../lib/gcc/arm-none-eabi/11.1.0/../../../../arm-none-eabi/lib/thumb\libsysbase.a(syscall_support.o)
                0x000000000200d778                __libc_lock_release
 .text.__libc_lock_init_recursive
                0x000000000200d794       0x1c c:/devkitpro/devkitarm/bin/../lib/gcc/arm-none-eabi/11.1.0/../../../../arm-none-eabi/lib/thumb\libsysbase.a(syscall_support.o)
                0x000000000200d794                __libc_lock_init_recursive
 .text.__libc_lock_acquire_recursive
                0x000000000200d7b0       0x1c c:/devkitpro/devkitarm/bin/../lib/gcc/arm-none-eabi/11.1.0/../../../../arm-none-eabi/lib/thumb\libsysbase.a(syscall_support.o)
                0x000000000200d7b0                __libc_lock_acquire_recursive
 .text.__libc_lock_release_recursive
                0x000000000200d7cc       0x1c c:/devkitpro/devkitarm/bin/../lib/gcc/arm-none-eabi/11.1.0/../../../../arm-none-eabi/lib/thumb\libsysbase.a(syscall_support.o)
                0x000000000200d7cc                __libc_lock_release_recursive
 .text.__libc_lock_close_recursive
                0x000000000200d7e8       0x1c c:/devkitpro/devkitarm/bin/../lib/gcc/arm-none-eabi/11.1.0/../../../../arm-none-eabi/lib/thumb\libsysbase.a(syscall_support.o)
                0x000000000200d7e8                __libc_lock_close_recursive
 .text.__get_handle
                0x000000000200d804       0x34 c:/devkitpro/devkitarm/bin/../lib/gcc/arm-none-eabi/11.1.0/../../../../arm-none-eabi/lib/thumb\libsysbase.a(handle_manager.o)
                0x000000000200d804                __get_handle
 .text._close_r
                0x000000000200d838       0xb8 c:/devkitpro/devkitarm/bin/../lib/gcc/arm-none-eabi/11.1.0/../../../../arm-none-eabi/lib/thumb\libsysbase.a(handle_manager.o)
                0x000000000200d838                _close_r
 .text.__getreent
                0x000000000200d8f0       0x28 c:/devkitpro/devkitarm/bin/../lib/gcc/arm-none-eabi/11.1.0/../../../../arm-none-eabi/lib/thumb\libsysbase.a(getreent.o)
                0x000000000200d8f0                __getreent
 .text.__muldi3
                0x000000000200d918       0x54 c:/devkitpro/devkitarm/bin/../lib/gcc/arm-none-eabi/11.1.0/thumb\libgcc.a(_muldi3.o)
                0x000000000200d918                __muldi3
                0x000000000200d918                __aeabi_lmul
 .text.__udivmoddi4
                0x000000000200d96c      0x19c c:/devkitpro/devkitarm/bin/../lib/gcc/arm-none-eabi/11.1.0/thumb\libgcc.a(_udivmoddi4.o)
                0x000000000200d96c                __udivmoddi4
 .text.__udivmoddi4.__stub
                0x000000000200db08       0xa8 linker stubs
 *(EXCLUDE_FILE(*.twl*) .gnu.warning)
 *(EXCLUDE_FILE(*.twl*) .gnu.linkonce.t*)
 *(.glue_7)
 .glue_7        0x000000000200dbc0        0x0 linker stubs
 *(.glue_7t)
 .glue_7t       0x000000000200dbc0        0x0 linker stubs
                0x000000000200dbc0                . = ALIGN (0x4)

.vfp11_veneer   0x000000000200dbc0        0x0
 .vfp11_veneer  0x000000000200dbc0        0x0 linker stubs

.v4_bx          0x000000000200dbc0        0x0
 .v4_bx         0x000000000200dbc0        0x0 linker stubs

.iplt           0x000000000200dbc0        0x0
 .iplt          0x000000000200dbc0        0x0 c:/devkitpro/devkitarm/bin/../lib/gcc/arm-none-eabi/11.1.0/../../../../arm-none-eabi/lib/thumb/ds_arm9_crt0.o

.fini           0x000000000200dbc0        0xc
 *(.fini)
 .fini          0x000000000200dbc0        0x4 c:/devkitpro/devkitarm/bin/../lib/gcc/arm-none-eabi/11.1.0/thumb/crti.o
                0x000000000200dbc0                _fini
 .fini          0x000000000200dbc4        0x8 c:/devkitpro/devkitarm/bin/../lib/gcc/arm-none-eabi/11.1.0/thumb/crtn.o
                0x000000000200dbcc                __text_end = .

.rodata         0x000000000200dbe0     0x8ef8
 *(EXCLUDE_FILE(*.twl*) .rodata)
 *all.rodata*(*)
 *(EXCLUDE_FILE(*.twl*) .roda)
 *(EXCLUDE_FILE(*.twl*) .rodata.*)
 .rodata.str1.4
                0x000000000200dbe0      0x146 http.o
 .rodata.sgIP_DHCP_BeginDgram.str1.1
                0x000000000200dd26        0x9 C:/devkitPro/libnds/lib\libdswifi9.a(sgIP_DHCP.o)
 .rodata.sgIP_DHCP_Init.str1.1
                0x000000000200dd2f        0xb C:/devkitPro/libnds/lib\libdswifi9.a(sgIP_DHCP.o)
 *fill*         0x000000000200dd3a        0x2 ff
 .rodata.con_write.str1.4
                0x000000000200dd3c       0x30 C:/devkitPro/libnds/lib\libnds9.a(console.o)
 .rodata.con_write
                0x000000000200dd6c       0xd4 C:/devkitPro/libnds/lib\libnds9.a(console.o)
 .rodata.str1.4
                0x000000000200de40       0x14 C:/devkitPro/libnds/lib\libnds9.a(console.o)
 .rodata.dotab_stdout
                0x000000000200de54       0x70 C:/devkitPro/libnds/lib\libnds9.a(console.o)
 *fill*         0x000000000200dec4       0x1c ff
 .rodata.default_font_bin
                0x000000000200dee0     0x2000 C:/devkitPro/libnds/lib\libnds9.a(default_font.bin.o)
                0x000000000200dee0                default_font_bin
                0x000000000200fee0                default_font_bin_end
 .rodata.SIN_LUT
                0x000000000200fee0      0x102 C:/devkitPro/libnds/lib\libnds9.a(trig.o)
                0x000000000200fee0                SIN_LUT
 *fill*         0x000000000200ffe2        0x2 ff
 .rodata.basefix.0
                0x000000000200ffe4       0x22 c:/devkitpro/devkitarm/bin/../lib/gcc/arm-none-eabi/11.1.0/../../../../arm-none-eabi/lib/thumb\libg.a(lib_a-svfiscanf.o)
 .rodata._vfiprintf_r.str1.1
                0x0000000002010006       0x29 c:/devkitpro/devkitarm/bin/../lib/gcc/arm-none-eabi/11.1.0/../../../../arm-none-eabi/lib/thumb\libg.a(lib_a-vfiprintf.o)
 *fill*         0x000000000201002f        0x1 ff
 .rodata.blanks.1
                0x0000000002010030       0x10 c:/devkitpro/devkitarm/bin/../lib/gcc/arm-none-eabi/11.1.0/../../../../arm-none-eabi/lib/thumb\libg.a(lib_a-vfiprintf.o)
 .rodata.zeroes.0
                0x0000000002010040       0x10 c:/devkitpro/devkitarm/bin/../lib/gcc/arm-none-eabi/11.1.0/../../../../arm-none-eabi/lib/thumb\libg.a(lib_a-vfiprintf.o)
 .rodata._ctype_
                0x0000000002010050      0x101 c:/devkitpro/devkitarm/bin/../lib/gcc/arm-none-eabi/11.1.0/../../../../arm-none-eabi/lib/thumb\libg.a(lib_a-ctype_.o)
                0x0000000002010050                _ctype_
 *fill*         0x0000000002010151        0x3 ff
 .rodata.str1.4
                0x0000000002010154       0x48 c:/devkitpro/devkitarm/bin/../lib/gcc/arm-none-eabi/11.1.0/../../../../arm-none-eabi/lib/thumb\libg.a(lib_a-locale.o)
                                         0x4c (size before relaxing)
 .rodata._mbrtowc_r.str1.4
                0x000000000201019c        0x1 c:/devkitpro/devkitarm/bin/../lib/gcc/arm-none-eabi/11.1.0/../../../../arm-none-eabi/lib/thumb\libg.a(lib_a-mbrtowc.o)
 .rodata.__action_table
                0x000000000201019c       0x6c c:/devkitpro/devkitarm/bin/../lib/gcc/arm-none-eabi/11.1.0/../../../../arm-none-eabi/lib/thumb\libg.a(lib_a-svfiprintf.o)
                0x000000000201019c                __action_table
 .rodata.__chclass
                0x0000000002010208      0x100 c:/devkitpro/devkitarm/bin/../lib/gcc/arm-none-eabi/11.1.0/../../../../arm-none-eabi/lib/thumb\libg.a(lib_a-svfiprintf.o)
                0x0000000002010208                __chclass
 .rodata.__state_table
                0x0000000002010308       0x6c c:/devkitpro/devkitarm/bin/../lib/gcc/arm-none-eabi/11.1.0/../../../../arm-none-eabi/lib/thumb\libg.a(lib_a-svfiprintf.o)
                0x0000000002010308                __state_table
 .rodata.__jp2uc
                0x0000000002010374       0x20 c:/devkitpro/devkitarm/bin/../lib/gcc/arm-none-eabi/11.1.0/../../../../arm-none-eabi/lib/thumb\libg.a(lib_a-jp2uc.o)
 .rodata._jp2uc_l.str1.4
                0x0000000002010394       0x12 c:/devkitpro/devkitarm/bin/../lib/gcc/arm-none-eabi/11.1.0/../../../../arm-none-eabi/lib/thumb\libg.a(lib_a-jp2uc.o)
 *fill*         0x00000000020103a6        0x2 ff
 .rodata.a1     0x00000000020103a8       0xbc c:/devkitpro/devkitarm/bin/../lib/gcc/arm-none-eabi/11.1.0/../../../../arm-none-eabi/lib/thumb\libg.a(lib_a-jp2uc.o)
 .rodata.a2     0x0000000002010464       0xbc c:/devkitpro/devkitarm/bin/../lib/gcc/arm-none-eabi/11.1.0/../../../../arm-none-eabi/lib/thumb\libg.a(lib_a-jp2uc.o)
 .rodata.a3     0x0000000002010520       0x5b c:/devkitpro/devkitarm/bin/../lib/gcc/arm-none-eabi/11.1.0/../../../../arm-none-eabi/lib/thumb\libg.a(lib_a-jp2uc.o)
 *fill*         0x000000000201057b        0x1 ff
 .rodata.a6     0x000000000201057c       0x70 c:/devkitpro/devkitarm/bin/../lib/gcc/arm-none-eabi/11.1.0/../../../../arm-none-eabi/lib/thumb\libg.a(lib_a-jp2uc.o)
 .rodata.a7     0x00000000020105ec       0xa2 c:/devkitpro/devkitarm/bin/../lib/gcc/arm-none-eabi/11.1.0/../../../../arm-none-eabi/lib/thumb\libg.a(lib_a-jp2uc.o)
 *fill*         0x000000000201068e        0x2 ff
 .rodata.a8     0x0000000002010690       0x40 c:/devkitpro/devkitarm/bin/../lib/gcc/arm-none-eabi/11.1.0/../../../../arm-none-eabi/lib/thumb\libg.a(lib_a-jp2uc.o)
 .rodata.b02cf  0x00000000020106d0     0x172a c:/devkitpro/devkitarm/bin/../lib/gcc/arm-none-eabi/11.1.0/../../../../arm-none-eabi/lib/thumb\libg.a(lib_a-jp2uc.o)
 *fill*         0x0000000002011dfa        0x2 ff
 .rodata.d02f4  0x0000000002011dfc     0x1a7c c:/devkitpro/devkitarm/bin/../lib/gcc/arm-none-eabi/11.1.0/../../../../arm-none-eabi/lib/thumb\libg.a(lib_a-jp2uc.o)
 .rodata.categories
                0x0000000002013878     0x31e6 c:/devkitpro/devkitarm/bin/../lib/gcc/arm-none-eabi/11.1.0/../../../../arm-none-eabi/lib/thumb\libg.a(lib_a-categories.o)
 *fill*         0x0000000002016a5e        0x2 ff
 .rodata.AddDevice.str1.4
                0x0000000002016a60        0x8 c:/devkitpro/devkitarm/bin/../lib/gcc/arm-none-eabi/11.1.0/../../../../arm-none-eabi/lib/thumb\libsysbase.a(iosupport.o)
 .rodata.dotab_stdnull
                0x0000000002016a68       0x70 c:/devkitpro/devkitarm/bin/../lib/gcc/arm-none-eabi/11.1.0/../../../../arm-none-eabi/lib/thumb\libsysbase.a(iosupport.o)
                0x0000000002016a68                dotab_stdnull
 *(EXCLUDE_FILE(*.twl*) .gnu.linkonce.r*)
                0x0000000002016ad8                . = ALIGN (0x4)

.ARM.extab
 *(.ARM.extab* .gnu.linkonce.armextab.*)
                0x0000000002016ad8                __exidx_start = .

ARM.exidx
 *(.ARM.exidx* .gnu.linkonce.armexidx.*)
                0x0000000002016ad8                __exidx_end = .
                0x0000000002016ad8                . = ALIGN (0x4)
                0x0000000002016ad8                PROVIDE (__preinit_array_start = .)

.preinit_array
 *(.preinit_array)
                0x0000000002016ad8                PROVIDE (__preinit_array_end = .)
                0x0000000002016ad8                PROVIDE (__init_array_start = .)

.init_array     0x0000000002016ad8        0x4
 *(SORT_BY_NAME(.init_array.*))
 *(.init_array)
 .init_array    0x0000000002016ad8        0x4 c:/devkitpro/devkitarm/bin/../lib/gcc/arm-none-eabi/11.1.0/thumb/crtbegin.o
                0x0000000002016adc                PROVIDE (__init_array_end = .)
                [!provide]                        PROVIDE (__fini_array_start = .)

.fini_array     0x0000000002016adc        0x4
 *(.fini_array)
 .fini_array    0x0000000002016adc        0x4 c:/devkitpro/devkitarm/bin/../lib/gcc/arm-none-eabi/11.1.0/thumb/crtbegin.o
 *(SORT_BY_NAME(.fini_array.*))
                [!provide]                        PROVIDE (__fini_array_end = .)

.ctors          0x0000000002016ae0        0x0
 *crtbegin.o(.ctors)
 *(EXCLUDE_FILE(*crtend.o) .ctors)
 *(SORT_BY_NAME(.ctors.*))
 *(.ctors)
                0x0000000002016ae0                . = ALIGN (0x4)

.dtors          0x0000000002016ae0        0x0
 *crtbegin.o(.dtors)
 *(EXCLUDE_FILE(*crtend.o) .dtors)
 *(SORT_BY_NAME(.dtors.*))
 *(.dtors)
                0x0000000002016ae0                . = ALIGN (0x4)

.eh_frame       0x0000000002016ae0        0x4
 *(.eh_frame)
 .eh_frame      0x0000000002016ae0        0x0 c:/devkitpro/devkitarm/bin/../lib/gcc/arm-none-eabi/11.1.0/thumb/crtbegin.o
 .eh_frame      0x0000000002016ae0        0x4 c:/devkitpro/devkitarm/bin/../lib/gcc/arm-none-eabi/11.1.0/thumb/crtend.o
                0x0000000002016ae4                . = ALIGN (0x4)

.rel.dyn        0x0000000002016ae4        0x0
 .rel.iplt      0x0000000002016ae4        0x0 c:/devkitpro/devkitarm/bin/../lib/gcc/arm-none-eabi/11.1.0/../../../../arm-none-eabi/lib/thumb/ds_arm9_crt0.o

.gcc_except_table
                0x0000000002016ae4        0x0
 *(.gcc_except_table)
                0x0000000002016ae4                . = ALIGN (0x4)

.jcr
 *(.jcr)

.got
 *(.got.plt)
 *(.got)
 *(.rel.got)

.ewram          0x0000000002016ae4        0x0
                0x0000000002016ae4                __ewram_start = ABSOLUTE (.)
 *(.ewram)
 *ewram.*(.text)
                0x0000000002016ae4                . = ALIGN (0x4)

.data           0x0000000002016ae4     0x1bbc
                0x0000000002016ae4                __data_start = ABSOLUTE (.)
 *(EXCLUDE_FILE(*.twl*) .data)
 .data          0x0000000002016ae4        0x4 http.o
                0x0000000002016ae4                USER_AGENT
 .data          0x0000000002016ae8       0x28 C:/devkitPro/libnds/lib\libnds9.a(mpu_setup.o)
 *(EXCLUDE_FILE(*.twl*) .data.*)
 .data.currentConsole
                0x0000000002016b10        0x4 C:/devkitPro/libnds/lib\libnds9.a(console.o)
                0x0000000002016b10                currentConsole
 .data.defaultConsole
                0x0000000002016b14       0x5c C:/devkitPro/libnds/lib\libnds9.a(console.o)
                0x0000000002016b14                defaultConsole
 .data.firstConsoleInit.0
                0x0000000002016b70        0x1 C:/devkitPro/libnds/lib\libnds9.a(console.o)
 *fill*         0x0000000002016b71        0x3 ff
 .data.fifo_buffer_free
                0x0000000002016b74        0x4 C:/devkitPro/libnds/lib\libnds9.a(fifosystem.o)
                0x0000000002016b74                fifo_buffer_free
 .data.fifo_freewords
                0x0000000002016b78        0x4 C:/devkitPro/libnds/lib\libnds9.a(fifosystem.o)
                0x0000000002016b78                fifo_freewords
 .data.fifo_receive_queue
                0x0000000002016b7c        0x4 C:/devkitPro/libnds/lib\libnds9.a(fifosystem.o)
                0x0000000002016b7c                fifo_receive_queue
 .data.fifo_send_queue
                0x0000000002016b80        0x4 C:/devkitPro/libnds/lib\libnds9.a(fifosystem.o)
                0x0000000002016b80                fifo_send_queue
 .data.bgControl
                0x0000000002016b84       0x20 C:/devkitPro/libnds/lib\libnds9.a(background.o)
                0x0000000002016b84                bgControl
 .data.bgScrollTable
                0x0000000002016ba4       0x20 C:/devkitPro/libnds/lib\libnds9.a(background.o)
                0x0000000002016ba4                bgScrollTable
 .data.bgTransform
                0x0000000002016bc4       0x20 C:/devkitPro/libnds/lib\libnds9.a(background.o)
                0x0000000002016bc4                bgTransform
 .data.__malloc_av_
                0x0000000002016be4      0x408 c:/devkitpro/devkitarm/bin/../lib/gcc/arm-none-eabi/11.1.0/../../../../arm-none-eabi/lib/thumb\libg.a(lib_a-mallocr.o)
                0x0000000002016be4                __malloc_av_
 .data.__malloc_sbrk_base
                0x0000000002016fec        0x4 c:/devkitpro/devkitarm/bin/../lib/gcc/arm-none-eabi/11.1.0/../../../../arm-none-eabi/lib/thumb\libg.a(lib_a-mallocr.o)
                0x0000000002016fec                __malloc_sbrk_base
 .data.__malloc_trim_threshold
                0x0000000002016ff0        0x4 c:/devkitpro/devkitarm/bin/../lib/gcc/arm-none-eabi/11.1.0/../../../../arm-none-eabi/lib/thumb\libg.a(lib_a-mallocr.o)
                0x0000000002016ff0                __malloc_trim_threshold
 .data.__malloc_recursive_mutex
                0x0000000002016ff4        0xc c:/devkitpro/devkitarm/bin/../lib/gcc/arm-none-eabi/11.1.0/../../../../arm-none-eabi/lib/thumb\libg.a(lib_a-mlock.o)
 .data.__sfp_recursive_mutex
                0x0000000002017000        0xc c:/devkitpro/devkitarm/bin/../lib/gcc/arm-none-eabi/11.1.0/../../../../arm-none-eabi/lib/thumb\libg.a(lib_a-findfp.o)
 .data.__sinit_recursive_mutex
                0x000000000201700c        0xc c:/devkitpro/devkitarm/bin/../lib/gcc/arm-none-eabi/11.1.0/../../../../arm-none-eabi/lib/thumb\libg.a(lib_a-findfp.o)
 .data._impure_ptr
                0x0000000002017018        0x4 c:/devkitpro/devkitarm/bin/../lib/gcc/arm-none-eabi/11.1.0/../../../../arm-none-eabi/lib/thumb\libg.a(lib_a-impure.o)
                0x0000000002017018                _impure_ptr
 *fill*         0x000000000201701c        0x4 ff
 .data.impure_data
                0x0000000002017020      0x460 c:/devkitpro/devkitarm/bin/../lib/gcc/arm-none-eabi/11.1.0/../../../../arm-none-eabi/lib/thumb\libg.a(lib_a-impure.o)
 .data.__global_locale
                0x0000000002017480      0x16c c:/devkitpro/devkitarm/bin/../lib/gcc/arm-none-eabi/11.1.0/../../../../arm-none-eabi/lib/thumb\libg.a(lib_a-locale.o)
                0x0000000002017480                __global_locale
 .data.devoptab_list
                0x00000000020175ec       0x8c c:/devkitpro/devkitarm/bin/../lib/gcc/arm-none-eabi/11.1.0/../../../../arm-none-eabi/lib/thumb\libsysbase.a(iosupport.o)
                0x00000000020175ec                devoptab_list
 .data.__hndl_lock
                0x0000000002017678        0x4 c:/devkitpro/devkitarm/bin/../lib/gcc/arm-none-eabi/11.1.0/../../../../arm-none-eabi/lib/thumb\libsysbase.a(handle_manager.o)
 .data.__stderr_handle
                0x000000000201767c        0xc c:/devkitpro/devkitarm/bin/../lib/gcc/arm-none-eabi/11.1.0/../../../../arm-none-eabi/lib/thumb\libsysbase.a(handle_manager.o)
 .data.__stdin_handle
                0x0000000002017688        0xc c:/devkitpro/devkitarm/bin/../lib/gcc/arm-none-eabi/11.1.0/../../../../arm-none-eabi/lib/thumb\libsysbase.a(handle_manager.o)
 .data.__stdout_handle
                0x0000000002017694        0xc c:/devkitpro/devkitarm/bin/../lib/gcc/arm-none-eabi/11.1.0/../../../../arm-none-eabi/lib/thumb\libsysbase.a(handle_manager.o)
 .data.handles  0x00000000020176a0     0x1000 c:/devkitpro/devkitarm/bin/../lib/gcc/arm-none-eabi/11.1.0/../../../../arm-none-eabi/lib/thumb\libsysbase.a(handle_manager.o)
 *(EXCLUDE_FILE(*.twl*) .gnu.linkonce.d*)
                0x00000000020186a0                . = ALIGN (0x4)
                0x00000000020186a0                __data_end = ABSOLUTE (.)
                0x00000000020186a0                __bss_vma = .

.igot.plt       0x00000000020186a0        0x0
 .igot.plt      0x00000000020186a0        0x0 c:/devkitpro/devkitarm/bin/../lib/gcc/arm-none-eabi/11.1.0/../../../../arm-none-eabi/lib/thumb/ds_arm9_crt0.o

.dtcm           0x0000000002ff0000        0x0 load address 0x00000000020186a0
                0x00000000020186a0                __dtcm_lma = LOADADDR (.dtcm)
                0x0000000002ff0000                __dtcm_start = ABSOLUTE (.)
 *(.dtcm)
 *(.dtcm.*)
                0x0000000002ff0000                . = ALIGN (0x4)
                0x0000000002ff0000                __dtcm_end = ABSOLUTE (.)

.itcm           0x0000000001000100      0x194 load address 0x00000000020186a0
                0x00000000020186a0                __itcm_lma = LOADADDR (.itcm)
                0x0000000001000100                __itcm_start = ABSOLUTE (.)
 *(.itcm)
 .itcm          0x0000000001000100       0xc8 C:/devkitPro/libnds/lib\libnds9.a(interrupts.o)
                0x0000000001000100                irqTable
 .itcm          0x00000000010001c8       0xcc C:/devkitPro/libnds/lib\libnds9.a(interruptDispatcher.o)
                0x00000000010001c8                IntrMain
 *.itcm*(.text .stub .text.*)
                0x0000000001000294                . = ALIGN (0x4)
                0x0000000001000294                __itcm_end = ABSOLUTE (.)

.vectors        0x0000000001000000        0x0 load address 0x0000000002018834
                0x0000000002018834                __vectors_lma = LOADADDR (.vectors)
                0x0000000001000000                __vectors_start = ABSOLUTE (.)
 *(.vectors .vectors.*)
                0x0000000001000000                . = ALIGN (0x4)
                0x0000000001000000                __vectors_end = ABSOLUTE (.)

.sbss           0x0000000002ff0000        0x0
                0x0000000002ff0000                __sbss_start = ABSOLUTE (.)
                0x0000000002ff0000                __sbss_start__ = ABSOLUTE (.)
 *(.sbss)
                0x0000000002ff0000                . = ALIGN (0x4)
                0x0000000002ff0000                __sbss_end = ABSOLUTE (.)

.bss            0x00000000020186a0    0x116fc
                0x00000000020186a0                __bss_start = ABSOLUTE (.)
                0x00000000020186a0                __bss_start__ = ABSOLUTE (.)
 *(EXCLUDE_FILE(*.twl*) .dynbss)
 *(EXCLUDE_FILE(*.twl*) .gnu.linkonce.b*)
 *(EXCLUDE_FILE(*.twl*) .bss*)
 .bss.completed.1
                0x00000000020186a0        0x1 c:/devkitpro/devkitarm/bin/../lib/gcc/arm-none-eabi/11.1.0/thumb/crtbegin.o
 *fill*         0x00000000020186a1        0x3 
 .bss.object.0  0x00000000020186a4       0x18 c:/devkitpro/devkitarm/bin/../lib/gcc/arm-none-eabi/11.1.0/thumb/crtbegin.o
 .bss.WifiData  0x00000000020186bc        0x4 C:/devkitPro/libnds/lib\libdswifi9.a(wifi_arm9.o)
                0x00000000020186bc                WifiData
 .bss.packethandler
                0x00000000020186c0        0x4 C:/devkitPro/libnds/lib\libdswifi9.a(wifi_arm9.o)
                0x00000000020186c0                packethandler
 .bss.synchandler
                0x00000000020186c4        0x4 C:/devkitPro/libnds/lib\libdswifi9.a(wifi_arm9.o)
                0x00000000020186c4                synchandler
 .bss.wifi_connect_state
                0x00000000020186c8        0x4 C:/devkitPro/libnds/lib\libdswifi9.a(wifi_arm9.o)
                0x00000000020186c8                wifi_connect_state
 .bss.currentCopy
                0x00000000020186cc       0x5c C:/devkitPro/libnds/lib\libnds9.a(console.o)
                0x00000000020186cc                currentCopy
 .bss.keys      0x0000000002018728        0x2 C:/devkitPro/libnds/lib\libnds9.a(keys.o)
 .bss.keysold   0x000000000201872a        0x2 C:/devkitPro/libnds/lib\libnds9.a(keys.o)
 .bss.__dsimode
                0x000000000201872c        0x1 C:/devkitPro/libnds/lib\libnds9.a(initSystem.o)
                0x000000000201872c                __dsimode
 *fill*         0x000000000201872d        0x3 
 .bss.punixTime
                0x0000000002018730        0x4 C:/devkitPro/libnds/lib\libnds9.a(timeSupport.o)
                0x0000000002018730                punixTime
 .bss.fifo_address_data
                0x0000000002018734       0x40 C:/devkitPro/libnds/lib\libnds9.a(fifosystem.o)
                0x0000000002018734                fifo_address_data
 .bss.fifo_address_func
                0x0000000002018774       0x40 C:/devkitPro/libnds/lib\libnds9.a(fifosystem.o)
                0x0000000002018774                fifo_address_func
 .bss.fifo_address_queue
                0x00000000020187b4       0x40 C:/devkitPro/libnds/lib\libnds9.a(fifosystem.o)
                0x00000000020187b4                fifo_address_queue
 .bss.fifo_buffer
                0x00000000020187f4      0x800 C:/devkitPro/libnds/lib\libnds9.a(fifosystem.o)
                0x00000000020187f4                fifo_buffer
 .bss.fifo_data_queue
                0x0000000002018ff4       0x40 C:/devkitPro/libnds/lib\libnds9.a(fifosystem.o)
                0x0000000002018ff4                fifo_data_queue
 .bss.fifo_datamsg_data
                0x0000000002019034       0x40 C:/devkitPro/libnds/lib\libnds9.a(fifosystem.o)
                0x0000000002019034                fifo_datamsg_data
 .bss.fifo_datamsg_func
                0x0000000002019074       0x40 C:/devkitPro/libnds/lib\libnds9.a(fifosystem.o)
                0x0000000002019074                fifo_datamsg_func
 .bss.fifo_value32_data
                0x00000000020190b4       0x40 C:/devkitPro/libnds/lib\libnds9.a(fifosystem.o)
                0x00000000020190b4                fifo_value32_data
 .bss.fifo_value32_func
                0x00000000020190f4       0x40 C:/devkitPro/libnds/lib\libnds9.a(fifosystem.o)
                0x00000000020190f4                fifo_value32_func
 .bss.fifo_value32_queue
                0x0000000002019134       0x40 C:/devkitPro/libnds/lib\libnds9.a(fifosystem.o)
                0x0000000002019134                fifo_value32_queue
 .bss.processing
                0x0000000002019174        0x4 C:/devkitPro/libnds/lib\libnds9.a(fifosystem.o)
                0x0000000002019174                processing
 .bss.bgIsTextLut
                0x0000000002019178        0x8 C:/devkitPro/libnds/lib\libnds9.a(background.o)
                0x0000000002019178                bgIsTextLut
 .bss.bgState   0x0000000002019180      0x140 C:/devkitPro/libnds/lib\libnds9.a(background.o)
                0x0000000002019180                bgState
 .bss.SDcallback
                0x00000000020192c0        0x4 C:/devkitPro/libnds/lib\libnds9.a(system.o)
 .bss.__malloc_current_mallinfo
                0x00000000020192c4       0x28 c:/devkitpro/devkitarm/bin/../lib/gcc/arm-none-eabi/11.1.0/../../../../arm-none-eabi/lib/thumb\libg.a(lib_a-mallocr.o)
                0x00000000020192c4                __malloc_current_mallinfo
 .bss.__malloc_max_sbrked_mem
                0x00000000020192ec        0x4 c:/devkitpro/devkitarm/bin/../lib/gcc/arm-none-eabi/11.1.0/../../../../arm-none-eabi/lib/thumb\libg.a(lib_a-mallocr.o)
                0x00000000020192ec                __malloc_max_sbrked_mem
 .bss.__malloc_max_total_mem
                0x00000000020192f0        0x4 c:/devkitpro/devkitarm/bin/../lib/gcc/arm-none-eabi/11.1.0/../../../../arm-none-eabi/lib/thumb\libg.a(lib_a-mallocr.o)
                0x00000000020192f0                __malloc_max_total_mem
 .bss.__malloc_top_pad
                0x00000000020192f4        0x4 c:/devkitpro/devkitarm/bin/../lib/gcc/arm-none-eabi/11.1.0/../../../../arm-none-eabi/lib/thumb\libg.a(lib_a-mallocr.o)
                0x00000000020192f4                __malloc_top_pad
 .bss.heap_start.0
                0x00000000020192f8        0x4 c:/devkitpro/devkitarm/bin/../lib/gcc/arm-none-eabi/11.1.0/../../../../arm-none-eabi/lib/thumb\libsysbase.a(sbrk.o)
 .bss.fake_heap_end
                0x00000000020192fc        0x4 c:/devkitpro/devkitarm/bin/../lib/gcc/arm-none-eabi/11.1.0/../../../../arm-none-eabi/lib/thumb\libsysbase.a(malloc_vars.o)
                0x00000000020192fc                fake_heap_end
 .bss.fake_heap_start
                0x0000000002019300        0x4 c:/devkitpro/devkitarm/bin/../lib/gcc/arm-none-eabi/11.1.0/../../../../arm-none-eabi/lib/thumb\libsysbase.a(malloc_vars.o)
                0x0000000002019300                fake_heap_start
 .bss.__syscalls
                0x0000000002019304       0x48 c:/devkitpro/devkitarm/bin/../lib/gcc/arm-none-eabi/11.1.0/../../../../arm-none-eabi/lib/thumb\libsysbase.a(syscall_support.o)
                0x0000000002019304                __syscalls
 *(EXCLUDE_FILE(*.twl*) COMMON)
 COMMON         0x000000000201934c       0x40 C:/devkitPro/libnds/lib\libdswifi9.a(sgIP_Hub.o)
                0x000000000201934c                ProtocolInterfaces
                0x0000000002019354                NumHWInterfaces
                0x0000000002019358                HWInterfaces
                0x0000000002019388                NumProtocolInterfaces
 COMMON         0x000000000201938c      0x100 C:/devkitPro/libnds/lib\libdswifi9.a(sgIP_sockets.o)
                0x000000000201938c                socketlist
 COMMON         0x000000000201948c     0x9fac C:/devkitPro/libnds/lib\libdswifi9.a(wifi_arm9.o)
                0x000000000201948c                Wifi_Data_Struct
                0x00000000020233d0                wifi_hw
                0x00000000020233d4                wHeapsize
                0x00000000020233d8                wHeapFirst
                0x00000000020233dc                wifi_connect_point
                0x0000000002023434                wHeapStart
 COMMON         0x0000000002023438      0x400 C:/devkitPro/libnds/lib\libdswifi9.a(sgIP_ARP.o)
                0x0000000002023438                ArpRecords
 COMMON         0x0000000002023838       0x10 C:/devkitPro/libnds/lib\libdswifi9.a(sgIP.o)
                0x0000000002023838                count_100ms
                0x000000000202383c                count_1000ms
                0x0000000002023840                sgIP_timems
                0x0000000002023844                sgIP_errno
 COMMON         0x0000000002023848        0x8 C:/devkitPro/libnds/lib\libdswifi9.a(sgIP_UDP.o)
                0x0000000002023848                udpport_counter
                0x000000000202384c                udprecords
 COMMON         0x0000000002023850       0x84 C:/devkitPro/libnds/lib\libdswifi9.a(sgIP_DHCP.o)
                0x0000000002023850                dhcp_rcvd_dns
                0x000000000202385c                dhcp_rcvd_snmask
                0x0000000002023860                dhcp_state
                0x0000000002023864                dhcp_p
                0x0000000002023868                dhcp_optionptr
                0x000000000202386c                dhcp_int
                0x0000000002023870                dhcp_rcvd_ip
                0x0000000002023874                dhcp_hostname
                0x00000000020238b4                dhcp_serverip
                0x00000000020238b8                dhcp_tid
                0x00000000020238bc                dhcp_requestDNS
                0x00000000020238c0                dhcp_socket
                0x00000000020238c4                dhcp_timestart
                0x00000000020238c8                dhcp_status
                0x00000000020238cc                dhcp_rcvd_gateway
                0x00000000020238d0                dhcp_timelastaction
 COMMON         0x00000000020238d4     0x5cb4 C:/devkitPro/libnds/lib\libdswifi9.a(sgIP_DNS.o)
                0x00000000020238d4                dnsrecord_return
                0x0000000002023df8                time_count
                0x0000000002023dfc                alias_list
                0x0000000002023e10                querydata
                0x0000000002024010                responsedata
                0x0000000002024210                dnsrecords
                0x0000000002029450                ipaddr_ip
                0x0000000002029454                query_time_start
                0x0000000002029458                addr_list
                0x000000000202946c                ipaddr_alias
                0x000000000202956c                dns_sock
                0x0000000002029570                last_id
                0x0000000002029574                dnsrecord_hostent
 COMMON         0x0000000002029588      0x810 C:/devkitPro/libnds/lib\libdswifi9.a(sgIP_TCP.o)
                0x0000000002029588                tcprecords
                0x000000000202958c                lasttime
                0x0000000002029590                port_counter
                0x0000000002029594                numsynlist
                0x0000000002029598                synlist
 COMMON         0x0000000002029d98        0x4 C:/devkitPro/libnds/lib\libdswifi9.a(sgIP_IP.o)
                0x0000000002029d98                idnum_count
                0x0000000002029d9c                . = ALIGN (0x4)
                0x0000000002029d9c                __bss_end__ = ABSOLUTE (.)
                0x0000000002029d9c                __end__ = ABSOLUTE (.)

.twl            0x0000000002029d9c        0x0 load address 0x0000000002400000
                0x0000000002400000                __arm9i_lma__ = LOADADDR (.twl)
                0x0000000002029d9c                __arm9i_start__ = ABSOLUTE (.)
 *(.twl)
 *.twl*(.text .stub .text.* .gnu.linkonce.t.*)
 *.twl*(.rodata)
 *.twl*(.roda)
 *.twl*(.rodata.*)
 *.twl*(.data)
 *.twl*(.data.*)
 *.twl*(.gnu.linkonce.d*)
                0x0000000002029d9c                __arm9i_end__ = ABSOLUTE (.)

.twl_bss        0x0000000002029d9c        0x0
                0x0000000002029d9c                __twl_bss_start__ = ABSOLUTE (.)
 *(.twl_bss)
 *.twl*(.dynbss)
 *.twl*(.gnu.linkonce.b*)
 *.twl*(.bss*)
 *.twl*(COMMON)
                0x0000000002029d9c                . = ALIGN (0x4)
                0x0000000002029d9c                __twl_bss_end__ = ABSOLUTE (.)
                0x0000000002029d9c                __twl_end__ = ABSOLUTE (.)

.stab
 *(.stab)

.stabstr
 *(.stabstr)

.stab.excl
 *(.stab.excl)

.stab.exclstr
 *(.stab.exclstr)

.stab.index
 *(.stab.index)

.stab.indexstr
 *(.stab.indexstr)

.comment        0x0000000000000000       0x68
 *(.comment)
 .comment       0x0000000000000000       0x23 c:/devkitpro/devkitarm/bin/../lib/gcc/arm-none-eabi/11.1.0/thumb/crtbegin.o
                                         0x24 (size before relaxing)
 .comment       0x0000000000000023       0x24 http.o
 .comment       0x0000000000000023       0x22 C:/devkitPro/libnds/lib\libdswifi9.a(sgIP_Hub.o)
                                         0x23 (size before relaxing)
 .comment       0x0000000000000045       0x23 C:/devkitPro/libnds/lib\libdswifi9.a(sgIP_memblock.o)
 .comment       0x0000000000000045       0x23 C:/devkitPro/libnds/lib\libdswifi9.a(sgIP_sockets.o)
 .comment       0x0000000000000045       0x23 C:/devkitPro/libnds/lib\libdswifi9.a(wifi_arm9.o)
 .comment       0x0000000000000045       0x23 C:/devkitPro/libnds/lib\libdswifi9.a(sgIP_ARP.o)
 .comment       0x0000000000000045       0x23 C:/devkitPro/libnds/lib\libdswifi9.a(sgIP.o)
 .comment       0x0000000000000045       0x23 C:/devkitPro/libnds/lib\libdswifi9.a(sgIP_UDP.o)
 .comment       0x0000000000000045       0x23 C:/devkitPro/libnds/lib\libdswifi9.a(sgIP_DHCP.o)
 .comment       0x0000000000000045       0x23 C:/devkitPro/libnds/lib\libdswifi9.a(sgIP_DNS.o)
 .comment       0x0000000000000045       0x23 C:/devkitPro/libnds/lib\libdswifi9.a(sgIP_TCP.o)
 .comment       0x0000000000000045       0x23 C:/devkitPro/libnds/lib\libdswifi9.a(sgIP_IP.o)
 .comment       0x0000000000000045       0x23 C:/devkitPro/libnds/lib\libdswifi9.a(sgIP_ICMP.o)
 .comment       0x0000000000000045       0x23 C:/devkitPro/libnds/lib\libnds9.a(console.o)
                                         0x24 (size before relaxing)
 .comment       0x0000000000000068       0x24 C:/devkitPro/libnds/lib\libnds9.a(keys.o)
 .comment       0x0000000000000068       0x24 C:/devkitPro/libnds/lib\libnds9.a(initSystem.o)
 .comment       0x0000000000000068       0x24 C:/devkitPro/libnds/lib\libnds9.a(timeSupport.o)
 .comment       0x0000000000000068       0x24 C:/devkitPro/libnds/lib\libnds9.a(securearea.o)
 .comment       0x0000000000000068       0x24 C:/devkitPro/libnds/lib\libnds9.a(interrupts.o)
 .comment       0x0000000000000068       0x24 C:/devkitPro/libnds/lib\libnds9.a(libnds_exit.arm.o)
 .comment       0x0000000000000068       0x24 C:/devkitPro/libnds/lib\libnds9.a(fifosystem.o)
 .comment       0x0000000000000068       0x24 C:/devkitPro/libnds/lib\libnds9.a(background.o)
 .comment       0x0000000000000068       0x24 C:/devkitPro/libnds/lib\libnds9.a(video.o)
 .comment       0x0000000000000068       0x24 C:/devkitPro/libnds/lib\libnds9.a(system.o)
 .comment       0x0000000000000068       0x24 C:/devkitPro/libnds/lib\libnds9.a(trig.o)
 .comment       0x0000000000000068       0x24 c:/devkitpro/devkitarm/bin/../lib/gcc/arm-none-eabi/11.1.0/../../../../arm-none-eabi/lib/thumb\libg.a(lib_a-errno.o)
 .comment       0x0000000000000068       0x24 c:/devkitpro/devkitarm/bin/../lib/gcc/arm-none-eabi/11.1.0/../../../../arm-none-eabi/lib/thumb\libg.a(lib_a-init.o)
 .comment       0x0000000000000068       0x24 c:/devkitpro/devkitarm/bin/../lib/gcc/arm-none-eabi/11.1.0/../../../../arm-none-eabi/lib/thumb\libg.a(lib_a-iprintf.o)
 .comment       0x0000000000000068       0x24 c:/devkitpro/devkitarm/bin/../lib/gcc/arm-none-eabi/11.1.0/../../../../arm-none-eabi/lib/thumb\libg.a(lib_a-malloc.o)
 .comment       0x0000000000000068       0x24 c:/devkitpro/devkitarm/bin/../lib/gcc/arm-none-eabi/11.1.0/../../../../arm-none-eabi/lib/thumb\libg.a(lib_a-mallocr.o)
 .comment       0x0000000000000068       0x24 c:/devkitpro/devkitarm/bin/../lib/gcc/arm-none-eabi/11.1.0/../../../../arm-none-eabi/lib/thumb\libg.a(lib_a-memcpy-stub.o)
 .comment       0x0000000000000068       0x24 c:/devkitpro/devkitarm/bin/../lib/gcc/arm-none-eabi/11.1.0/../../../../arm-none-eabi/lib/thumb\libg.a(lib_a-memset.o)
 .comment       0x0000000000000068       0x24 c:/devkitpro/devkitarm/bin/../lib/gcc/arm-none-eabi/11.1.0/../../../../arm-none-eabi/lib/thumb\libg.a(lib_a-mlock.o)
 .comment       0x0000000000000068       0x24 c:/devkitpro/devkitarm/bin/../lib/gcc/arm-none-eabi/11.1.0/../../../../arm-none-eabi/lib/thumb\libg.a(lib_a-setvbuf.o)
 .comment       0x0000000000000068       0x24 c:/devkitpro/devkitarm/bin/../lib/gcc/arm-none-eabi/11.1.0/../../../../arm-none-eabi/lib/thumb\libg.a(lib_a-siscanf.o)
 .comment       0x0000000000000068       0x24 c:/devkitpro/devkitarm/bin/../lib/gcc/arm-none-eabi/11.1.0/../../../../arm-none-eabi/lib/thumb\libg.a(lib_a-stdio.o)
 .comment       0x0000000000000068       0x24 c:/devkitpro/devkitarm/bin/../lib/gcc/arm-none-eabi/11.1.0/../../../../arm-none-eabi/lib/thumb\libg.a(lib_a-strcpy.o)